******************************************************************************
                  MSP430 Linker PC v18.1.2                     
******************************************************************************
>> Linked Sat Nov  3 17:46:38 2018

OUTPUT FILE NAME:   <Oscilloscope_01.out>
ENTRY POINT SYMBOL: "_c_int00_noargs"  address: 00002c1a


MEMORY CONFIGURATION

         name            origin    length      used     unused   attr    fill
----------------------  --------  ---------  --------  --------  ----  --------
  SFR                   00000000   00000010  00000000  00000010  RWIX
  PERIPHERALS_8BIT      00000010   000000f0  00000000  000000f0  RWIX
  PERIPHERALS_16BIT     00000100   00000100  00000000  00000100  RWIX
  RAM                   00000200   00000800  000000c2  0000073e  RWIX
  INFOB                 00001000   00000080  00000000  00000080  RWIX
  INFOA                 00001080   00000080  00000000  00000080  RWIX
  FLASH                 00001100   0000eee0  00001d2c  0000d1b4  RWIX
  INT00                 0000ffe0   00000002  00000002  00000000  RWIX
  INT01                 0000ffe2   00000002  00000002  00000000  RWIX
  INT02                 0000ffe4   00000002  00000002  00000000  RWIX
  INT03                 0000ffe6   00000002  00000002  00000000  RWIX
  INT04                 0000ffe8   00000002  00000002  00000000  RWIX
  INT05                 0000ffea   00000002  00000002  00000000  RWIX
  INT06                 0000ffec   00000002  00000002  00000000  RWIX
  INT07                 0000ffee   00000002  00000002  00000000  RWIX
  INT08                 0000fff0   00000002  00000002  00000000  RWIX
  INT09                 0000fff2   00000002  00000002  00000000  RWIX
  INT10                 0000fff4   00000002  00000002  00000000  RWIX
  INT11                 0000fff6   00000002  00000002  00000000  RWIX
  INT12                 0000fff8   00000002  00000002  00000000  RWIX
  INT13                 0000fffa   00000002  00000002  00000000  RWIX
  INT14                 0000fffc   00000002  00000002  00000000  RWIX
  RESET                 0000fffe   00000002  00000002  00000000  RWIX


SECTION ALLOCATION MAP

 output                                  attributes/
section   page    origin      length       input sections
--------  ----  ----------  ----------   ----------------
.data      0    00000250    00000018     UNINITIALIZED
                  00000250    00000010     main.obj (.data)
                  00000260    00000002     TFT.obj (.data)
                  00000262    00000002     rts430_eabi.lib : _lock.c.obj (.data:_lock)
                  00000264    00000002                     : _lock.c.obj (.data:_unlock)
                  00000266    00000002                     : memory.c.obj (.data)

.bss       0    00000268    0000000a     UNINITIALIZED
                  00000268    00000006     rts430_eabi.lib : memory.c.obj (.bss)
                  0000026e    00000002     (.common:wave1)
                  00000270    00000002     (.common:wave11)

.sysmem    0    00000200    00000050     UNINITIALIZED
                  00000200    00000004     rts430_eabi.lib : memory.c.obj (.sysmem)
                  00000204    0000004c     --HOLE--

.stack     0    000009b0    00000050     UNINITIALIZED
                  000009b0    00000002     rts430_eabi.lib : boot.c.obj (.stack)
                  000009b2    0000004e     --HOLE--

.text      0    00001100    00001c04     
                  00001100    000009c6     main.obj (.text:main)
                  00001ac6    00000478     rts430_eabi.lib : frcdivd.c.obj (.text:__TI_frcdivd)
                  00001f3e    000002e2     TFT.obj (.text:TFT_Initial)
                  00002220    00000238     rts430_eabi.lib : divd.c.obj (.text:__mspabi_divd)
                  00002458    000000b2                     : memory.c.obj (.text:malloc)
                  0000250a    000000ac                     : fltlid.c.obj (.text:__mspabi_fltlid)
                  000025b6    0000008a     main.obj (.text:Port1_ISR)
                  00002640    0000008a     rts430_eabi.lib : fltuld.c.obj (.text:__mspabi_fltuld)
                  000026ca    0000007c                     : copy_decompress_lzss.c.obj (.text:decompress:lzss:__TI_decompress_lzss)
                  00002746    00000072                     : fixdli.c.obj (.text:__mspabi_fixdli)
                  000027b8    00000066     TFT.obj (.text:displayNums)
                  0000281e    0000005c     rts430_eabi.lib : lsr32.asm.obj (.text:l_lsr_const)
                  0000287a    00000058     TFT.obj (.text:LCD_SetPos)
                  000028d2    00000058     rts430_eabi.lib : div32u.asm.obj (.text)
                  0000292a    0000004c                     : lsr16.asm.obj (.text)
                  00002976    00000042                     : autoinit.c.obj (.text:__TI_auto_init_nobinit_nopinit:__TI_auto_init_nobinit_nopinit)
                  000029b8    0000003e                     : asr32.asm.obj (.text:l_asr_const)
                  000029f6    0000003e                     : lsl32.asm.obj (.text:l_lsl_const)
                  00002a34    00000038                     : memory.c.obj (.text:minit)
                  00002a6c    00000032     TFT.obj (.text:Write_Cmd)
                  00002a9e    0000002e     timeConfig.obj (.text:Clock_Init)
                  00002acc    0000002e     rts430_eabi.lib : mult32_hw.asm.obj (.text)
                  00002afa    0000002c     TFT.obj (.text:Write_Data)
                  00002b26    0000002c     rts430_eabi.lib : asr16.asm.obj (.text)
                  00002b52    0000002c                     : div16s.asm.obj (.text)
                  00002b7e    0000002c                     : lsl16.asm.obj (.text)
                  00002baa    0000002a     ADC.obj (.text:adcInit)
                  00002bd4    00000028     rts430_eabi.lib : fixdi.c.obj (.text:__mspabi_fixdi)
                  00002bfc    0000001e     TFT.obj (.text:Write_Cmd_Data)
                  00002c1a    0000001c     rts430_eabi.lib : boot.c.obj (.text:_c_int00_noargs)
                  00002c36    00000018     main.obj (.text:Timer_A)
                  00002c4e    00000016     rts430_eabi.lib : div16u.asm.obj (.text)
                  00002c64    00000014                     : copy_zero_init.c.obj (.text:decompress:ZI:__TI_zero_init_nomemset:__TI_zero_init_nomemset)
                  00002c78    00000014                     : mult16_hw.asm.obj (.text)
                  00002c8c    00000012                     : copy_decompress_none.c.obj (.text:decompress:none:__TI_decompress_none)
                  00002c9e    00000012                     : lsr32.asm.obj (.text:l_lsr)
                  00002cb0    00000012                     : memcpy.c.obj (.text:memcpy)
                  00002cc2    00000010     ADC.obj (.text:adcTrans)
                  00002cd2    00000010     rts430_eabi.lib : epilog.asm.obj (.text)
                  00002ce2    0000000c                     : fltid.c.obj (.text:__mspabi_fltid)
                  00002cee    00000008                     : isr_trap.asm.obj (.text:_isr:__TI_ISR_TRAP)
                  00002cf6    00000006                     : exit.c.obj (.text:abort)
                  00002cfc    00000004                     : pre_init.c.obj (.text:_system_pre_init)
                  00002d00    00000002                     : _lock.c.obj (.text:_nop)
                  00002d02    00000002                     : startup.c.obj (.text:_system_post_cinit)

.const     0    00002d04    00000100     
                  00002d04    00000100     TFT.obj (.const:.string:nums)

.cinit     0    00002e04    00000028     
                  00002e04    00000016     (.cinit..data.load) [load image, compression = lzss]
                  00002e1a    00000006     (__TI_handler_table)
                  00002e20    00000004     (.cinit..bss.load) [load image, compression = zero_init]
                  00002e24    00000008     (__TI_cinit_table)

.binit     0    00001100    00000000     

.init_array 
*          0    00001100    00000000     UNINITIALIZED

DACDMA     0    0000ffe0    00000002     
                  0000ffe0    00000002     rts430_eabi.lib : int00.asm.obj (.int00)

PORT2      0    0000ffe2    00000002     
                  0000ffe2    00000002     rts430_eabi.lib : int01.asm.obj (.int01)

USART1TX   0    0000ffe4    00000002     
                  0000ffe4    00000002     rts430_eabi.lib : int02.asm.obj (.int02)

USART1RX   0    0000ffe6    00000002     
                  0000ffe6    00000002     rts430_eabi.lib : int03.asm.obj (.int03)

PORT1      0    0000ffe8    00000002     
                  0000ffe8    00000002     main.obj (.int04)

TIMERA1    0    0000ffea    00000002     
                  0000ffea    00000002     rts430_eabi.lib : int05.asm.obj (.int05)

TIMERA0    0    0000ffec    00000002     
                  0000ffec    00000002     main.obj (.int06)

ADC12      0    0000ffee    00000002     
                  0000ffee    00000002     rts430_eabi.lib : int07.asm.obj (.int07)

USART0TX   0    0000fff0    00000002     
                  0000fff0    00000002     rts430_eabi.lib : int08.asm.obj (.int08)

USART0RX   0    0000fff2    00000002     
                  0000fff2    00000002     rts430_eabi.lib : int09.asm.obj (.int09)

WDT        0    0000fff4    00000002     
                  0000fff4    00000002     rts430_eabi.lib : int10.asm.obj (.int10)

COMPARATORA 
*          0    0000fff6    00000002     
                  0000fff6    00000002     rts430_eabi.lib : int11.asm.obj (.int11)

TIMERB1    0    0000fff8    00000002     
                  0000fff8    00000002     rts430_eabi.lib : int12.asm.obj (.int12)

TIMERB0    0    0000fffa    00000002     
                  0000fffa    00000002     rts430_eabi.lib : int13.asm.obj (.int13)

NMI        0    0000fffc    00000002     
                  0000fffc    00000002     rts430_eabi.lib : int14.asm.obj (.int14)

.reset     0    0000fffe    00000002     
                  0000fffe    00000002     rts430_eabi.lib : boot.c.obj (.reset)

MODULE SUMMARY

       Module                       code   ro data   rw data
       ------                       ----   -------   -------
    .\
       main.obj                     2664   4         20     
       TFT.obj                      1052   256       2      
       ADC.obj                      58     0         0      
       timeConfig.obj               46     0         0      
    +--+----------------------------+------+---------+---------+
       Total:                       3820   260       22     
                                                            
    C:\ti\ccsv8\tools\compiler\ti-cgt-msp430_18.1.2.LTS\lib\rts430_eabi.lib
       frcdivd.c.obj                1144   0         0      
       divd.c.obj                   568    0         0      
       memory.c.obj                 234    0         8      
       fltlid.c.obj                 172    0         0      
       fltuld.c.obj                 138    0         0      
       copy_decompress_lzss.c.obj   124    0         0      
       fixdli.c.obj                 114    0         0      
       lsr32.asm.obj                110    0         0      
       div32u.asm.obj               88     0         0      
       lsr16.asm.obj                76     0         0      
       autoinit.c.obj               66     0         0      
       asr32.asm.obj                62     0         0      
       lsl32.asm.obj                62     0         0      
       mult32_hw.asm.obj            46     0         0      
       asr16.asm.obj                44     0         0      
       div16s.asm.obj               44     0         0      
       lsl16.asm.obj                44     0         0      
       fixdi.c.obj                  40     0         0      
       boot.c.obj                   28     2         0      
       div16u.asm.obj               22     0         0      
       copy_zero_init.c.obj         20     0         0      
       mult16_hw.asm.obj            20     0         0      
       copy_decompress_none.c.obj   18     0         0      
       memcpy.c.obj                 18     0         0      
       epilog.asm.obj               16     0         0      
       fltid.c.obj                  12     0         0      
       isr_trap.asm.obj             8      0         0      
       _lock.c.obj                  2      0         4      
       exit.c.obj                   6      0         0      
       pre_init.c.obj               4      0         0      
       int00.asm.obj                0      2         0      
       int01.asm.obj                0      2         0      
       int02.asm.obj                0      2         0      
       int03.asm.obj                0      2         0      
       int05.asm.obj                0      2         0      
       int07.asm.obj                0      2         0      
       int08.asm.obj                0      2         0      
       int09.asm.obj                0      2         0      
       int10.asm.obj                0      2         0      
       int11.asm.obj                0      2         0      
       int12.asm.obj                0      2         0      
       int13.asm.obj                0      2         0      
       int14.asm.obj                0      2         0      
       startup.c.obj                2      0         0      
    +--+----------------------------+------+---------+---------+
       Total:                       3352   28        12     
                                                            
       Heap:                        0      0         80     
       Stack:                       0      0         80     
       Linker Generated:            0      40        0      
    +--+----------------------------+------+---------+---------+
       Grand Total:                 7172   328       194    


LINKER GENERATED COPY TABLES

__TI_cinit_table @ 00002e24 records: 2, size/record: 4, table size: 8
	.data: load addr=00002e04, load size=00000016 bytes, run addr=00000250, run size=00000018 bytes, compression=lzss
	.bss: load addr=00002e20, load size=00000004 bytes, run addr=00000268, run size=0000000a bytes, compression=zero_init


LINKER GENERATED HANDLER TABLE

__TI_handler_table @ 00002e1a records: 3, size/record: 2, table size: 6
	index: 0, handler: __TI_zero_init
	index: 1, handler: __TI_decompress_lzss
	index: 2, handler: __TI_decompress_none


GLOBAL SYMBOLS: SORTED ALPHABETICALLY BY Name 

address   name                          
-------   ----                          
000001a0  ADC12CTL0                     
000001a2  ADC12CTL1                     
000001a6  ADC12IE                       
000001a4  ADC12IFG                      
000001a8  ADC12IV                       
00000080  ADC12MCTL0                    
00000081  ADC12MCTL1                    
0000008a  ADC12MCTL10                   
0000008b  ADC12MCTL11                   
0000008c  ADC12MCTL12                   
0000008d  ADC12MCTL13                   
0000008e  ADC12MCTL14                   
0000008f  ADC12MCTL15                   
00000082  ADC12MCTL2                    
00000083  ADC12MCTL3                    
00000084  ADC12MCTL4                    
00000085  ADC12MCTL5                    
00000086  ADC12MCTL6                    
00000087  ADC12MCTL7                    
00000088  ADC12MCTL8                    
00000089  ADC12MCTL9                    
00000140  ADC12MEM0                     
00000142  ADC12MEM1                     
00000154  ADC12MEM10                    
00000156  ADC12MEM11                    
00000158  ADC12MEM12                    
0000015a  ADC12MEM13                    
0000015c  ADC12MEM14                    
0000015e  ADC12MEM15                    
00000144  ADC12MEM2                     
00000146  ADC12MEM3                     
00000148  ADC12MEM4                     
0000014a  ADC12MEM5                     
0000014c  ADC12MEM6                     
0000014e  ADC12MEM7                     
00000150  ADC12MEM8                     
00000152  ADC12MEM9                     
00000057  BCSCTL1                       
00000058  BCSCTL2                       
00002cf6  C$$EXIT                       
00000059  CACTL1                        
0000005a  CACTL2                        
0000005b  CAPD                          
00002a9e  Clock_Init                    
000001c0  DAC12_0CTL                    
000001c8  DAC12_0DAT                    
000001c2  DAC12_1CTL                    
000001ca  DAC12_1DAT                    
00000056  DCOCTL                        
000001e0  DMA0CTL                       
000001e4  DMA0DA                        
000001e2  DMA0SA                        
000001e6  DMA0SZ                        
000001e8  DMA1CTL                       
000001ec  DMA1DA                        
000001ea  DMA1SA                        
000001ee  DMA1SZ                        
000001f0  DMA2CTL                       
000001f4  DMA2DA                        
000001f2  DMA2SA                        
000001f6  DMA2SZ                        
00000122  DMACTL0                       
00000124  DMACTL1                       
00000260  Device_code                   
00000128  FCTL1                         
0000012a  FCTL2                         
0000012c  FCTL3                         
00000072  I2CDCTL                       
00000076  I2CDRB                        
00000076  I2CDRW                        
00000050  I2CIE                         
00000051  I2CIFG                        
0000011c  I2CIV                         
00000052  I2CNDAT                       
00000118  I2COA                         
00000073  I2CPSC                        
0000011a  I2CSA                         
00000074  I2CSCLH                       
00000075  I2CSCLL                       
00000071  I2CTCTL                       
00000000  IE1                           
00000001  IE2                           
00000002  IFG1                          
00000003  IFG2                          
0000287a  LCD_SetPos                    
00000134  MAC                           
00000136  MACS                          
00000004  ME1                           
00000005  ME2                           
00000130  MPY                           
00000132  MPYS                          
00000138  OP2                           
00000022  P1DIR                         
00000025  P1IE                          
00000024  P1IES                         
00000023  P1IFG                         
00000020  P1IN                          
00000021  P1OUT                         
00000026  P1SEL                         
0000002a  P2DIR                         
0000002d  P2IE                          
0000002c  P2IES                         
0000002b  P2IFG                         
00000028  P2IN                          
00000029  P2OUT                         
0000002e  P2SEL                         
0000001a  P3DIR                         
00000018  P3IN                          
00000019  P3OUT                         
0000001b  P3SEL                         
0000001e  P4DIR                         
0000001c  P4IN                          
0000001d  P4OUT                         
0000001f  P4SEL                         
00000032  P5DIR                         
00000030  P5IN                          
00000031  P5OUT                         
00000033  P5SEL                         
00000036  P6DIR                         
00000034  P6IN                          
00000035  P6OUT                         
00000037  P6SEL                         
000025b6  Port1_ISR                     
0000013c  RESHI                         
0000013a  RESLO                         
0000013e  SUMEXT                        
00000055  SVSCTL                        
00000172  TACCR0                        
00000174  TACCR1                        
00000176  TACCR2                        
00000162  TACCTL0                       
00000164  TACCTL1                       
00000166  TACCTL2                       
00000160  TACTL                         
0000012e  TAIV                          
00000170  TAR                           
00000192  TBCCR0                        
00000194  TBCCR1                        
00000196  TBCCR2                        
00000198  TBCCR3                        
0000019a  TBCCR4                        
0000019c  TBCCR5                        
0000019e  TBCCR6                        
00000182  TBCCTL0                       
00000184  TBCCTL1                       
00000186  TBCCTL2                       
00000188  TBCCTL3                       
0000018a  TBCCTL4                       
0000018c  TBCCTL5                       
0000018e  TBCCTL6                       
00000180  TBCTL                         
0000011e  TBIV                          
00000190  TBR                           
00001f3e  TFT_Initial                   
00002c36  Timer_A                       
00000074  U0BR0                         
00000075  U0BR1                         
00000070  U0CTL                         
00000073  U0MCTL                        
00000072  U0RCTL                        
00000076  U0RXBUF                       
00000071  U0TCTL                        
00000077  U0TXBUF                       
0000007c  U1BR0                         
0000007d  U1BR1                         
00000078  U1CTL                         
0000007b  U1MCTL                        
0000007a  U1RCTL                        
0000007e  U1RXBUF                       
00000079  U1TCTL                        
0000007f  U1TXBUF                       
00000120  WDTCTL                        
00002a6c  Write_Cmd                     
00002bfc  Write_Cmd_Data                
00002afa  Write_Data                    
00000a00  __STACK_END                   
00000050  __STACK_SIZE                  
00000050  __SYSMEM_SIZE                 
00002e24  __TI_CINIT_Base               
00002e2c  __TI_CINIT_Limit              
00002e1a  __TI_Handler_Table_Base       
00002e20  __TI_Handler_Table_Limit      
00002cee  __TI_ISR_TRAP                 
00002976  __TI_auto_init_nobinit_nopinit
000026ca  __TI_decompress_lzss          
00002c8c  __TI_decompress_none          
00001ac6  __TI_frcdivd                  
0000ffe0  __TI_int00                    
0000ffe2  __TI_int01                    
0000ffe4  __TI_int02                    
0000ffe6  __TI_int03                    
0000ffe8  __TI_int04                    
0000ffea  __TI_int05                    
0000ffec  __TI_int06                    
0000ffee  __TI_int07                    
0000fff0  __TI_int08                    
0000fff2  __TI_int09                    
0000fff4  __TI_int10                    
0000fff6  __TI_int11                    
0000fff8  __TI_int12                    
0000fffa  __TI_int13                    
0000fffc  __TI_int14                    
ffffffff  __TI_pprof_out_hndl           
ffffffff  __TI_prof_data_size           
ffffffff  __TI_prof_data_start          
00002c64  __TI_zero_init_nomemset       
ffffffff  __c_args__                    
00002220  __mspabi_divd                 
00002b52  __mspabi_divi                 
00002c4e  __mspabi_divu                 
000028d2  __mspabi_divul                
00002bd4  __mspabi_fixdi                
00002746  __mspabi_fixdli               
00002ce2  __mspabi_fltid                
0000250a  __mspabi_fltlid               
00002640  __mspabi_fltuld               
00002cde  __mspabi_func_epilog_1        
00002cdc  __mspabi_func_epilog_2        
00002cda  __mspabi_func_epilog_3        
00002cd8  __mspabi_func_epilog_4        
00002cd6  __mspabi_func_epilog_5        
00002cd4  __mspabi_func_epilog_6        
00002cd2  __mspabi_func_epilog_7        
00002c78  __mspabi_mpyi_hw              
00002acc  __mspabi_mpyl_hw              
00002b52  __mspabi_remi                 
00002c4e  __mspabi_remu                 
000028d2  __mspabi_remul                
00002b7e  __mspabi_slli                 
00002ba6  __mspabi_slli_1               
00002b94  __mspabi_slli_10              
00002b92  __mspabi_slli_11              
00002b90  __mspabi_slli_12              
00002b8e  __mspabi_slli_13              
00002b8c  __mspabi_slli_14              
00002b8a  __mspabi_slli_15              
00002ba4  __mspabi_slli_2               
00002ba2  __mspabi_slli_3               
00002ba0  __mspabi_slli_4               
00002b9e  __mspabi_slli_5               
00002b9c  __mspabi_slli_6               
00002b9a  __mspabi_slli_7               
00002b98  __mspabi_slli_8               
00002b96  __mspabi_slli_9               
00002a2e  __mspabi_slll_1               
00002a0a  __mspabi_slll_10              
00002a06  __mspabi_slll_11              
00002a02  __mspabi_slll_12              
000029fe  __mspabi_slll_13              
000029fa  __mspabi_slll_14              
000029f6  __mspabi_slll_15              
00002a2a  __mspabi_slll_2               
00002a26  __mspabi_slll_3               
00002a22  __mspabi_slll_4               
00002a1e  __mspabi_slll_5               
00002a1a  __mspabi_slll_6               
00002a16  __mspabi_slll_7               
00002a12  __mspabi_slll_8               
00002a0e  __mspabi_slll_9               
00002b26  __mspabi_srai                 
00002b4e  __mspabi_srai_1               
00002b3c  __mspabi_srai_10              
00002b3a  __mspabi_srai_11              
00002b38  __mspabi_srai_12              
00002b36  __mspabi_srai_13              
00002b34  __mspabi_srai_14              
00002b32  __mspabi_srai_15              
00002b4c  __mspabi_srai_2               
00002b4a  __mspabi_srai_3               
00002b48  __mspabi_srai_4               
00002b46  __mspabi_srai_5               
00002b44  __mspabi_srai_6               
00002b42  __mspabi_srai_7               
00002b40  __mspabi_srai_8               
00002b3e  __mspabi_srai_9               
000029f0  __mspabi_sral_1               
000029cc  __mspabi_sral_10              
000029c8  __mspabi_sral_11              
000029c4  __mspabi_sral_12              
000029c0  __mspabi_sral_13              
000029bc  __mspabi_sral_14              
000029b8  __mspabi_sral_15              
000029ec  __mspabi_sral_2               
000029e8  __mspabi_sral_3               
000029e4  __mspabi_sral_4               
000029e0  __mspabi_sral_5               
000029dc  __mspabi_sral_6               
000029d8  __mspabi_sral_7               
000029d4  __mspabi_sral_8               
000029d0  __mspabi_sral_9               
0000292a  __mspabi_srli                 
00002970  __mspabi_srli_1               
0000294c  __mspabi_srli_10              
00002948  __mspabi_srli_11              
00002944  __mspabi_srli_12              
00002940  __mspabi_srli_13              
0000293c  __mspabi_srli_14              
00002938  __mspabi_srli_15              
0000296c  __mspabi_srli_2               
00002968  __mspabi_srli_3               
00002964  __mspabi_srli_4               
00002960  __mspabi_srli_5               
0000295c  __mspabi_srli_6               
00002958  __mspabi_srli_7               
00002954  __mspabi_srli_8               
00002950  __mspabi_srli_9               
00002c9e  __mspabi_srll                 
00002872  __mspabi_srll_1               
0000283c  __mspabi_srll_10              
00002836  __mspabi_srll_11              
00002830  __mspabi_srll_12              
0000282a  __mspabi_srll_13              
00002824  __mspabi_srll_14              
0000281e  __mspabi_srll_15              
0000286c  __mspabi_srll_2               
00002866  __mspabi_srll_3               
00002860  __mspabi_srll_4               
0000285a  __mspabi_srll_5               
00002854  __mspabi_srll_6               
0000284e  __mspabi_srll_7               
00002848  __mspabi_srll_8               
00002842  __mspabi_srll_9               
00002c1a  _c_int00_noargs               
00000262  _lock                         
00002d00  _nop                          
0000fffe  _reset_vector                 
000009b0  _stack                        
00000200  _sys_memory                   
00002d02  _system_post_cinit            
00002cfc  _system_pre_init              
00000264  _unlock                       
00002cf6  abort                         
00002baa  adcInit                       
00002cc2  adcTrans                      
00000256  cloop                         
000027b8  displayNums                   
00001100  main                          
00002458  malloc                        
00002cb0  memcpy                        
00000255  middle                        
00002a34  minit                         
00002d04  nums                          
00000254  pause                         
00000250  scale                         
0000025a  timeA                         
0000025e  tmpTAR                        
0000026e  wave1                         
00000270  wave11                        


GLOBAL SYMBOLS: SORTED BY Symbol Address 

address   name                          
-------   ----                          
00000000  IE1                           
00000001  IE2                           
00000002  IFG1                          
00000003  IFG2                          
00000004  ME1                           
00000005  ME2                           
00000018  P3IN                          
00000019  P3OUT                         
0000001a  P3DIR                         
0000001b  P3SEL                         
0000001c  P4IN                          
0000001d  P4OUT                         
0000001e  P4DIR                         
0000001f  P4SEL                         
00000020  P1IN                          
00000021  P1OUT                         
00000022  P1DIR                         
00000023  P1IFG                         
00000024  P1IES                         
00000025  P1IE                          
00000026  P1SEL                         
00000028  P2IN                          
00000029  P2OUT                         
0000002a  P2DIR                         
0000002b  P2IFG                         
0000002c  P2IES                         
0000002d  P2IE                          
0000002e  P2SEL                         
00000030  P5IN                          
00000031  P5OUT                         
00000032  P5DIR                         
00000033  P5SEL                         
00000034  P6IN                          
00000035  P6OUT                         
00000036  P6DIR                         
00000037  P6SEL                         
00000050  I2CIE                         
00000050  __STACK_SIZE                  
00000050  __SYSMEM_SIZE                 
00000051  I2CIFG                        
00000052  I2CNDAT                       
00000055  SVSCTL                        
00000056  DCOCTL                        
00000057  BCSCTL1                       
00000058  BCSCTL2                       
00000059  CACTL1                        
0000005a  CACTL2                        
0000005b  CAPD                          
00000070  U0CTL                         
00000071  I2CTCTL                       
00000071  U0TCTL                        
00000072  I2CDCTL                       
00000072  U0RCTL                        
00000073  I2CPSC                        
00000073  U0MCTL                        
00000074  I2CSCLH                       
00000074  U0BR0                         
00000075  I2CSCLL                       
00000075  U0BR1                         
00000076  I2CDRB                        
00000076  I2CDRW                        
00000076  U0RXBUF                       
00000077  U0TXBUF                       
00000078  U1CTL                         
00000079  U1TCTL                        
0000007a  U1RCTL                        
0000007b  U1MCTL                        
0000007c  U1BR0                         
0000007d  U1BR1                         
0000007e  U1RXBUF                       
0000007f  U1TXBUF                       
00000080  ADC12MCTL0                    
00000081  ADC12MCTL1                    
00000082  ADC12MCTL2                    
00000083  ADC12MCTL3                    
00000084  ADC12MCTL4                    
00000085  ADC12MCTL5                    
00000086  ADC12MCTL6                    
00000087  ADC12MCTL7                    
00000088  ADC12MCTL8                    
00000089  ADC12MCTL9                    
0000008a  ADC12MCTL10                   
0000008b  ADC12MCTL11                   
0000008c  ADC12MCTL12                   
0000008d  ADC12MCTL13                   
0000008e  ADC12MCTL14                   
0000008f  ADC12MCTL15                   
00000118  I2COA                         
0000011a  I2CSA                         
0000011c  I2CIV                         
0000011e  TBIV                          
00000120  WDTCTL                        
00000122  DMACTL0                       
00000124  DMACTL1                       
00000128  FCTL1                         
0000012a  FCTL2                         
0000012c  FCTL3                         
0000012e  TAIV                          
00000130  MPY                           
00000132  MPYS                          
00000134  MAC                           
00000136  MACS                          
00000138  OP2                           
0000013a  RESLO                         
0000013c  RESHI                         
0000013e  SUMEXT                        
00000140  ADC12MEM0                     
00000142  ADC12MEM1                     
00000144  ADC12MEM2                     
00000146  ADC12MEM3                     
00000148  ADC12MEM4                     
0000014a  ADC12MEM5                     
0000014c  ADC12MEM6                     
0000014e  ADC12MEM7                     
00000150  ADC12MEM8                     
00000152  ADC12MEM9                     
00000154  ADC12MEM10                    
00000156  ADC12MEM11                    
00000158  ADC12MEM12                    
0000015a  ADC12MEM13                    
0000015c  ADC12MEM14                    
0000015e  ADC12MEM15                    
00000160  TACTL                         
00000162  TACCTL0                       
00000164  TACCTL1                       
00000166  TACCTL2                       
00000170  TAR                           
00000172  TACCR0                        
00000174  TACCR1                        
00000176  TACCR2                        
00000180  TBCTL                         
00000182  TBCCTL0                       
00000184  TBCCTL1                       
00000186  TBCCTL2                       
00000188  TBCCTL3                       
0000018a  TBCCTL4                       
0000018c  TBCCTL5                       
0000018e  TBCCTL6                       
00000190  TBR                           
00000192  TBCCR0                        
00000194  TBCCR1                        
00000196  TBCCR2                        
00000198  TBCCR3                        
0000019a  TBCCR4                        
0000019c  TBCCR5                        
0000019e  TBCCR6                        
000001a0  ADC12CTL0                     
000001a2  ADC12CTL1                     
000001a4  ADC12IFG                      
000001a6  ADC12IE                       
000001a8  ADC12IV                       
000001c0  DAC12_0CTL                    
000001c2  DAC12_1CTL                    
000001c8  DAC12_0DAT                    
000001ca  DAC12_1DAT                    
000001e0  DMA0CTL                       
000001e2  DMA0SA                        
000001e4  DMA0DA                        
000001e6  DMA0SZ                        
000001e8  DMA1CTL                       
000001ea  DMA1SA                        
000001ec  DMA1DA                        
000001ee  DMA1SZ                        
000001f0  DMA2CTL                       
000001f2  DMA2SA                        
000001f4  DMA2DA                        
000001f6  DMA2SZ                        
00000200  _sys_memory                   
00000250  scale                         
00000254  pause                         
00000255  middle                        
00000256  cloop                         
0000025a  timeA                         
0000025e  tmpTAR                        
00000260  Device_code                   
00000262  _lock                         
00000264  _unlock                       
0000026e  wave1                         
00000270  wave11                        
000009b0  _stack                        
00000a00  __STACK_END                   
00001100  main                          
00001ac6  __TI_frcdivd                  
00001f3e  TFT_Initial                   
00002220  __mspabi_divd                 
00002458  malloc                        
0000250a  __mspabi_fltlid               
000025b6  Port1_ISR                     
00002640  __mspabi_fltuld               
000026ca  __TI_decompress_lzss          
00002746  __mspabi_fixdli               
000027b8  displayNums                   
0000281e  __mspabi_srll_15              
00002824  __mspabi_srll_14              
0000282a  __mspabi_srll_13              
00002830  __mspabi_srll_12              
00002836  __mspabi_srll_11              
0000283c  __mspabi_srll_10              
00002842  __mspabi_srll_9               
00002848  __mspabi_srll_8               
0000284e  __mspabi_srll_7               
00002854  __mspabi_srll_6               
0000285a  __mspabi_srll_5               
00002860  __mspabi_srll_4               
00002866  __mspabi_srll_3               
0000286c  __mspabi_srll_2               
00002872  __mspabi_srll_1               
0000287a  LCD_SetPos                    
000028d2  __mspabi_divul                
000028d2  __mspabi_remul                
0000292a  __mspabi_srli                 
00002938  __mspabi_srli_15              
0000293c  __mspabi_srli_14              
00002940  __mspabi_srli_13              
00002944  __mspabi_srli_12              
00002948  __mspabi_srli_11              
0000294c  __mspabi_srli_10              
00002950  __mspabi_srli_9               
00002954  __mspabi_srli_8               
00002958  __mspabi_srli_7               
0000295c  __mspabi_srli_6               
00002960  __mspabi_srli_5               
00002964  __mspabi_srli_4               
00002968  __mspabi_srli_3               
0000296c  __mspabi_srli_2               
00002970  __mspabi_srli_1               
00002976  __TI_auto_init_nobinit_nopinit
000029b8  __mspabi_sral_15              
000029bc  __mspabi_sral_14              
000029c0  __mspabi_sral_13              
000029c4  __mspabi_sral_12              
000029c8  __mspabi_sral_11              
000029cc  __mspabi_sral_10              
000029d0  __mspabi_sral_9               
000029d4  __mspabi_sral_8               
000029d8  __mspabi_sral_7               
000029dc  __mspabi_sral_6               
000029e0  __mspabi_sral_5               
000029e4  __mspabi_sral_4               
000029e8  __mspabi_sral_3               
000029ec  __mspabi_sral_2               
000029f0  __mspabi_sral_1               
000029f6  __mspabi_slll_15              
000029fa  __mspabi_slll_14              
000029fe  __mspabi_slll_13              
00002a02  __mspabi_slll_12              
00002a06  __mspabi_slll_11              
00002a0a  __mspabi_slll_10              
00002a0e  __mspabi_slll_9               
00002a12  __mspabi_slll_8               
00002a16  __mspabi_slll_7               
00002a1a  __mspabi_slll_6               
00002a1e  __mspabi_slll_5               
00002a22  __mspabi_slll_4               
00002a26  __mspabi_slll_3               
00002a2a  __mspabi_slll_2               
00002a2e  __mspabi_slll_1               
00002a34  minit                         
00002a6c  Write_Cmd                     
00002a9e  Clock_Init                    
00002acc  __mspabi_mpyl_hw              
00002afa  Write_Data                    
00002b26  __mspabi_srai                 
00002b32  __mspabi_srai_15              
00002b34  __mspabi_srai_14              
00002b36  __mspabi_srai_13              
00002b38  __mspabi_srai_12              
00002b3a  __mspabi_srai_11              
00002b3c  __mspabi_srai_10              
00002b3e  __mspabi_srai_9               
00002b40  __mspabi_srai_8               
00002b42  __mspabi_srai_7               
00002b44  __mspabi_srai_6               
00002b46  __mspabi_srai_5               
00002b48  __mspabi_srai_4               
00002b4a  __mspabi_srai_3               
00002b4c  __mspabi_srai_2               
00002b4e  __mspabi_srai_1               
00002b52  __mspabi_divi                 
00002b52  __mspabi_remi                 
00002b7e  __mspabi_slli                 
00002b8a  __mspabi_slli_15              
00002b8c  __mspabi_slli_14              
00002b8e  __mspabi_slli_13              
00002b90  __mspabi_slli_12              
00002b92  __mspabi_slli_11              
00002b94  __mspabi_slli_10              
00002b96  __mspabi_slli_9               
00002b98  __mspabi_slli_8               
00002b9a  __mspabi_slli_7               
00002b9c  __mspabi_slli_6               
00002b9e  __mspabi_slli_5               
00002ba0  __mspabi_slli_4               
00002ba2  __mspabi_slli_3               
00002ba4  __mspabi_slli_2               
00002ba6  __mspabi_slli_1               
00002baa  adcInit                       
00002bd4  __mspabi_fixdi                
00002bfc  Write_Cmd_Data                
00002c1a  _c_int00_noargs               
00002c36  Timer_A                       
00002c4e  __mspabi_divu                 
00002c4e  __mspabi_remu                 
00002c64  __TI_zero_init_nomemset       
00002c78  __mspabi_mpyi_hw              
00002c8c  __TI_decompress_none          
00002c9e  __mspabi_srll                 
00002cb0  memcpy                        
00002cc2  adcTrans                      
00002cd2  __mspabi_func_epilog_7        
00002cd4  __mspabi_func_epilog_6        
00002cd6  __mspabi_func_epilog_5        
00002cd8  __mspabi_func_epilog_4        
00002cda  __mspabi_func_epilog_3        
00002cdc  __mspabi_func_epilog_2        
00002cde  __mspabi_func_epilog_1        
00002ce2  __mspabi_fltid                
00002cee  __TI_ISR_TRAP                 
00002cf6  C$$EXIT                       
00002cf6  abort                         
00002cfc  _system_pre_init              
00002d00  _nop                          
00002d02  _system_post_cinit            
00002d04  nums                          
00002e1a  __TI_Handler_Table_Base       
00002e20  __TI_Handler_Table_Limit      
00002e24  __TI_CINIT_Base               
00002e2c  __TI_CINIT_Limit              
0000ffe0  __TI_int00                    
0000ffe2  __TI_int01                    
0000ffe4  __TI_int02                    
0000ffe6  __TI_int03                    
0000ffe8  __TI_int04                    
0000ffea  __TI_int05                    
0000ffec  __TI_int06                    
0000ffee  __TI_int07                    
0000fff0  __TI_int08                    
0000fff2  __TI_int09                    
0000fff4  __TI_int10                    
0000fff6  __TI_int11                    
0000fff8  __TI_int12                    
0000fffa  __TI_int13                    
0000fffc  __TI_int14                    
0000fffe  _reset_vector                 
ffffffff  __TI_pprof_out_hndl           
ffffffff  __TI_prof_data_size           
ffffffff  __TI_prof_data_start          
ffffffff  __c_args__                    

[348 symbols]
