******************************************************************************
                  MSP430 Linker PC v18.1.2                     
******************************************************************************
>> Linked Wed Oct  3 21:10:14 2018

OUTPUT FILE NAME:   <clock_i2c.out>
ENTRY POINT SYMBOL: "_c_int00_noargs"  address: 00002120


MEMORY CONFIGURATION

         name            origin    length      used     unused   attr    fill
----------------------  --------  ---------  --------  --------  ----  --------
  SFR                   00000000   00000010  00000000  00000010  RWIX
  PERIPHERALS_8BIT      00000010   000000f0  00000000  000000f0  RWIX
  PERIPHERALS_16BIT     00000100   00000100  00000000  00000100  RWIX
  RAM                   00000200   00000800  00000064  0000079c  RWIX
  INFOB                 00001000   00000080  00000000  00000080  RWIX
  INFOA                 00001080   00000080  00000000  00000080  RWIX
  FLASH                 00001100   0000eee0  00001152  0000dd8e  RWIX
  INT00                 0000ffe0   00000002  00000002  00000000  RWIX
  INT01                 0000ffe2   00000002  00000002  00000000  RWIX
  INT02                 0000ffe4   00000002  00000002  00000000  RWIX
  INT03                 0000ffe6   00000002  00000002  00000000  RWIX
  INT04                 0000ffe8   00000002  00000002  00000000  RWIX
  INT05                 0000ffea   00000002  00000002  00000000  RWIX
  INT06                 0000ffec   00000002  00000002  00000000  RWIX
  INT07                 0000ffee   00000002  00000002  00000000  RWIX
  INT08                 0000fff0   00000002  00000002  00000000  RWIX
  INT09                 0000fff2   00000002  00000002  00000000  RWIX
  INT10                 0000fff4   00000002  00000002  00000000  RWIX
  INT11                 0000fff6   00000002  00000002  00000000  RWIX
  INT12                 0000fff8   00000002  00000002  00000000  RWIX
  INT13                 0000fffa   00000002  00000002  00000000  RWIX
  INT14                 0000fffc   00000002  00000002  00000000  RWIX
  RESET                 0000fffe   00000002  00000002  00000000  RWIX


SECTION ALLOCATION MAP

 output                                  attributes/
section   page    origin      length       input sections
--------  ----  ----------  ----------   ----------------
.data      0    00000200    00000014     UNINITIALIZED
                  00000200    00000014     main.obj (.data)

.stack     0    000009b0    00000050     UNINITIALIZED
                  000009b0    00000002     rts430_eabi.lib : boot.c.obj (.stack)
                  000009b2    0000004e     --HOLE--

.text      0    00001100    00001114     
                  00001100    00000704     main.obj (.text:main)
                  00001804    00000126     main.obj (.text:I2C1602_init)
                  0000192a    000000b2     main.obj (.text:w1)
                  000019dc    000000b2     main.obj (.text:w)
                  00001a8e    00000086     main.obj (.text:Port1_ISR)
                  00001b14    0000007c     rts430_eabi.lib : copy_decompress_lzss.c.obj (.text:decompress:lzss:__TI_decompress_lzss)
                  00001b90    0000006e     main.obj (.text:r)
                  00001bfe    00000062     main.obj (.text:init)
                  00001c60    0000005c     rts430_eabi.lib : lsr32.asm.obj (.text:l_lsr_const)
                  00001cbc    00000058                     : div32u.asm.obj (.text)
                  00001d14    00000054     main.obj (.text:start1)
                  00001d68    00000054     main.obj (.text:start)
                  00001dbc    00000052     main.obj (.text:I2C1602_wc)
                  00001e0e    00000052     main.obj (.text:I2C1602_wd)
                  00001e60    0000004c     rts430_eabi.lib : lsr16.asm.obj (.text)
                  00001eac    00000042                     : autoinit.c.obj (.text:__TI_auto_init_nobinit_nopinit:__TI_auto_init_nobinit_nopinit)
                  00001eee    00000042     main.obj (.text:stop1)
                  00001f30    00000042     main.obj (.text:stop)
                  00001f72    00000032     main.obj (.text:RC)
                  00001fa4    0000002e     main.obj (.text:Clock_Init)
                  00001fd2    0000002e     rts430_eabi.lib : mult32_hw.asm.obj (.text)
                  00002000    0000002c                     : asr16.asm.obj (.text)
                  0000202c    0000002c                     : div16s.asm.obj (.text)
                  00002058    0000002c                     : lsl16.asm.obj (.text)
                  00002084    0000002a     main.obj (.text:HEX2BCD)
                  000020ae    0000002a     main.obj (.text:wc)
                  000020d8    0000002a     main.obj (.text:wd)
                  00002102    0000001e     main.obj (.text:BCD2HEX)
                  00002120    0000001c     rts430_eabi.lib : boot.c.obj (.text:_c_int00_noargs)
                  0000213c    00000016     main.obj (.text:inTime_init)
                  00002152    00000016     rts430_eabi.lib : div16u.asm.obj (.text)
                  00002168    00000014                     : mult16_hw.asm.obj (.text)
                  0000217c    00000012                     : copy_decompress_none.c.obj (.text:decompress:none:__TI_decompress_none)
                  0000218e    00000012                     : memcpy.c.obj (.text:memcpy)
                  000021a0    00000010     main.obj (.text:Scl1)
                  000021b0    00000010     main.obj (.text:Scl)
                  000021c0    00000010     main.obj (.text:Sda1)
                  000021d0    00000010     main.obj (.text:Sda)
                  000021e0    00000010     main.obj (.text:Timer_A)
                  000021f0    00000010     rts430_eabi.lib : epilog.asm.obj (.text)
                  00002200    00000008                     : isr_trap.asm.obj (.text:_isr:__TI_ISR_TRAP)
                  00002208    00000006                     : exit.c.obj (.text:abort)
                  0000220e    00000004                     : pre_init.c.obj (.text:_system_pre_init)
                  00002212    00000002                     : startup.c.obj (.text:_system_post_cinit)

.const     0    00002214    0000002a     
                  00002214    0000002a     main.obj (.const:.string)

.cinit     0    0000223e    00000014     
                  0000223e    0000000c     (.cinit..data.load) [load image, compression = lzss]
                  0000224a    00000004     (__TI_handler_table)
                  0000224e    00000004     (__TI_cinit_table)

.binit     0    00001100    00000000     

.init_array 
*          0    00001100    00000000     UNINITIALIZED

DACDMA     0    0000ffe0    00000002     
                  0000ffe0    00000002     rts430_eabi.lib : int00.asm.obj (.int00)

PORT2      0    0000ffe2    00000002     
                  0000ffe2    00000002     rts430_eabi.lib : int01.asm.obj (.int01)

USART1TX   0    0000ffe4    00000002     
                  0000ffe4    00000002     rts430_eabi.lib : int02.asm.obj (.int02)

USART1RX   0    0000ffe6    00000002     
                  0000ffe6    00000002     rts430_eabi.lib : int03.asm.obj (.int03)

PORT1      0    0000ffe8    00000002     
                  0000ffe8    00000002     main.obj (.int04)

TIMERA1    0    0000ffea    00000002     
                  0000ffea    00000002     rts430_eabi.lib : int05.asm.obj (.int05)

TIMERA0    0    0000ffec    00000002     
                  0000ffec    00000002     main.obj (.int06)

ADC12      0    0000ffee    00000002     
                  0000ffee    00000002     rts430_eabi.lib : int07.asm.obj (.int07)

USART0TX   0    0000fff0    00000002     
                  0000fff0    00000002     rts430_eabi.lib : int08.asm.obj (.int08)

USART0RX   0    0000fff2    00000002     
                  0000fff2    00000002     rts430_eabi.lib : int09.asm.obj (.int09)

WDT        0    0000fff4    00000002     
                  0000fff4    00000002     rts430_eabi.lib : int10.asm.obj (.int10)

COMPARATORA 
*          0    0000fff6    00000002     
                  0000fff6    00000002     rts430_eabi.lib : int11.asm.obj (.int11)

TIMERB1    0    0000fff8    00000002     
                  0000fff8    00000002     rts430_eabi.lib : int12.asm.obj (.int12)

TIMERB0    0    0000fffa    00000002     
                  0000fffa    00000002     rts430_eabi.lib : int13.asm.obj (.int13)

NMI        0    0000fffc    00000002     
                  0000fffc    00000002     rts430_eabi.lib : int14.asm.obj (.int14)

.reset     0    0000fffe    00000002     
                  0000fffe    00000002     rts430_eabi.lib : boot.c.obj (.reset)

MODULE SUMMARY

       Module                       code   ro data   rw data
       ------                       ----   -------   -------
    .\
       main.obj                     3606   46        20     
    +--+----------------------------+------+---------+---------+
       Total:                       3606   46        20     
                                                            
    C:\ti\ccsv8\tools\compiler\ti-cgt-msp430_18.1.2.LTS\lib\rts430_eabi.lib
       copy_decompress_lzss.c.obj   124    0         0      
       lsr32.asm.obj                92     0         0      
       div32u.asm.obj               88     0         0      
       lsr16.asm.obj                76     0         0      
       autoinit.c.obj               66     0         0      
       mult32_hw.asm.obj            46     0         0      
       asr16.asm.obj                44     0         0      
       div16s.asm.obj               44     0         0      
       lsl16.asm.obj                44     0         0      
       boot.c.obj                   28     2         0      
       div16u.asm.obj               22     0         0      
       mult16_hw.asm.obj            20     0         0      
       copy_decompress_none.c.obj   18     0         0      
       memcpy.c.obj                 18     0         0      
       epilog.asm.obj               16     0         0      
       isr_trap.asm.obj             8      0         0      
       exit.c.obj                   6      0         0      
       pre_init.c.obj               4      0         0      
       int00.asm.obj                0      2         0      
       int01.asm.obj                0      2         0      
       int02.asm.obj                0      2         0      
       int03.asm.obj                0      2         0      
       int05.asm.obj                0      2         0      
       int07.asm.obj                0      2         0      
       int08.asm.obj                0      2         0      
       int09.asm.obj                0      2         0      
       int10.asm.obj                0      2         0      
       int11.asm.obj                0      2         0      
       int12.asm.obj                0      2         0      
       int13.asm.obj                0      2         0      
       int14.asm.obj                0      2         0      
       startup.c.obj                2      0         0      
    +--+----------------------------+------+---------+---------+
       Total:                       766    28        0      
                                                            
       Stack:                       0      0         80     
       Linker Generated:            0      20        0      
    +--+----------------------------+------+---------+---------+
       Grand Total:                 4372   94        100    


LINKER GENERATED COPY TABLES

__TI_cinit_table @ 0000224e records: 1, size/record: 4, table size: 4
	.data: load addr=0000223e, load size=0000000c bytes, run addr=00000200, run size=00000014 bytes, compression=lzss


LINKER GENERATED HANDLER TABLE

__TI_handler_table @ 0000224a records: 2, size/record: 2, table size: 4
	index: 0, handler: __TI_decompress_lzss
	index: 1, handler: __TI_decompress_none


GLOBAL SYMBOLS: SORTED ALPHABETICALLY BY Name 

address   name                          
-------   ----                          
000001a0  ADC12CTL0                     
000001a2  ADC12CTL1                     
000001a6  ADC12IE                       
000001a4  ADC12IFG                      
000001a8  ADC12IV                       
00000080  ADC12MCTL0                    
00000081  ADC12MCTL1                    
0000008a  ADC12MCTL10                   
0000008b  ADC12MCTL11                   
0000008c  ADC12MCTL12                   
0000008d  ADC12MCTL13                   
0000008e  ADC12MCTL14                   
0000008f  ADC12MCTL15                   
00000082  ADC12MCTL2                    
00000083  ADC12MCTL3                    
00000084  ADC12MCTL4                    
00000085  ADC12MCTL5                    
00000086  ADC12MCTL6                    
00000087  ADC12MCTL7                    
00000088  ADC12MCTL8                    
00000089  ADC12MCTL9                    
00000140  ADC12MEM0                     
00000142  ADC12MEM1                     
00000154  ADC12MEM10                    
00000156  ADC12MEM11                    
00000158  ADC12MEM12                    
0000015a  ADC12MEM13                    
0000015c  ADC12MEM14                    
0000015e  ADC12MEM15                    
00000144  ADC12MEM2                     
00000146  ADC12MEM3                     
00000148  ADC12MEM4                     
0000014a  ADC12MEM5                     
0000014c  ADC12MEM6                     
0000014e  ADC12MEM7                     
00000150  ADC12MEM8                     
00000152  ADC12MEM9                     
00002102  BCD2HEX                       
00000057  BCSCTL1                       
00000058  BCSCTL2                       
00002208  C$$EXIT                       
00000059  CACTL1                        
0000005a  CACTL2                        
0000005b  CAPD                          
00001fa4  Clock_Init                    
000001c0  DAC12_0CTL                    
000001c8  DAC12_0DAT                    
000001c2  DAC12_1CTL                    
000001ca  DAC12_1DAT                    
00000056  DCOCTL                        
000001e0  DMA0CTL                       
000001e4  DMA0DA                        
000001e2  DMA0SA                        
000001e6  DMA0SZ                        
000001e8  DMA1CTL                       
000001ec  DMA1DA                        
000001ea  DMA1SA                        
000001ee  DMA1SZ                        
000001f0  DMA2CTL                       
000001f4  DMA2DA                        
000001f2  DMA2SA                        
000001f6  DMA2SZ                        
00000122  DMACTL0                       
00000124  DMACTL1                       
00000128  FCTL1                         
0000012a  FCTL2                         
0000012c  FCTL3                         
00002084  HEX2BCD                       
00001804  I2C1602_init                  
00001dbc  I2C1602_wc                    
00001e0e  I2C1602_wd                    
00000072  I2CDCTL                       
00000076  I2CDRB                        
00000076  I2CDRW                        
00000050  I2CIE                         
00000051  I2CIFG                        
0000011c  I2CIV                         
00000052  I2CNDAT                       
00000118  I2COA                         
00000073  I2CPSC                        
0000011a  I2CSA                         
00000074  I2CSCLH                       
00000075  I2CSCLL                       
00000071  I2CTCTL                       
00000000  IE1                           
00000001  IE2                           
00000002  IFG1                          
00000003  IFG2                          
00000134  MAC                           
00000136  MACS                          
00000004  ME1                           
00000005  ME2                           
00000130  MPY                           
00000132  MPYS                          
00000138  OP2                           
00000022  P1DIR                         
00000025  P1IE                          
00000024  P1IES                         
00000023  P1IFG                         
00000020  P1IN                          
00000021  P1OUT                         
00000026  P1SEL                         
0000002a  P2DIR                         
0000002d  P2IE                          
0000002c  P2IES                         
0000002b  P2IFG                         
00000028  P2IN                          
00000029  P2OUT                         
0000002e  P2SEL                         
0000001a  P3DIR                         
00000018  P3IN                          
00000019  P3OUT                         
0000001b  P3SEL                         
0000001e  P4DIR                         
0000001c  P4IN                          
0000001d  P4OUT                         
0000001f  P4SEL                         
00000032  P5DIR                         
00000030  P5IN                          
00000031  P5OUT                         
00000033  P5SEL                         
00000036  P6DIR                         
00000034  P6IN                          
00000035  P6OUT                         
00000037  P6SEL                         
00001a8e  Port1_ISR                     
00001f72  RC                            
0000013c  RESHI                         
0000013a  RESLO                         
0000013e  SUMEXT                        
00000055  SVSCTL                        
000021b0  Scl                           
000021a0  Scl1                          
000021d0  Sda                           
000021c0  Sda1                          
00000172  TACCR0                        
00000174  TACCR1                        
00000176  TACCR2                        
00000162  TACCTL0                       
00000164  TACCTL1                       
00000166  TACCTL2                       
00000160  TACTL                         
0000012e  TAIV                          
00000170  TAR                           
00000192  TBCCR0                        
00000194  TBCCR1                        
00000196  TBCCR2                        
00000198  TBCCR3                        
0000019a  TBCCR4                        
0000019c  TBCCR5                        
0000019e  TBCCR6                        
00000182  TBCCTL0                       
00000184  TBCCTL1                       
00000186  TBCCTL2                       
00000188  TBCCTL3                       
0000018a  TBCCTL4                       
0000018c  TBCCTL5                       
0000018e  TBCCTL6                       
00000180  TBCTL                         
0000011e  TBIV                          
00000190  TBR                           
000021e0  Timer_A                       
00000074  U0BR0                         
00000075  U0BR1                         
00000070  U0CTL                         
00000073  U0MCTL                        
00000072  U0RCTL                        
00000076  U0RXBUF                       
00000071  U0TCTL                        
00000077  U0TXBUF                       
0000007c  U1BR0                         
0000007d  U1BR1                         
00000078  U1CTL                         
0000007b  U1MCTL                        
0000007a  U1RCTL                        
0000007e  U1RXBUF                       
00000079  U1TCTL                        
0000007f  U1TXBUF                       
00000120  WDTCTL                        
00000a00  __STACK_END                   
00000050  __STACK_SIZE                  
0000224e  __TI_CINIT_Base               
00002252  __TI_CINIT_Limit              
0000224a  __TI_Handler_Table_Base       
0000224e  __TI_Handler_Table_Limit      
00002200  __TI_ISR_TRAP                 
00001eac  __TI_auto_init_nobinit_nopinit
00001b14  __TI_decompress_lzss          
0000217c  __TI_decompress_none          
0000ffe0  __TI_int00                    
0000ffe2  __TI_int01                    
0000ffe4  __TI_int02                    
0000ffe6  __TI_int03                    
0000ffe8  __TI_int04                    
0000ffea  __TI_int05                    
0000ffec  __TI_int06                    
0000ffee  __TI_int07                    
0000fff0  __TI_int08                    
0000fff2  __TI_int09                    
0000fff4  __TI_int10                    
0000fff6  __TI_int11                    
0000fff8  __TI_int12                    
0000fffa  __TI_int13                    
0000fffc  __TI_int14                    
ffffffff  __TI_pprof_out_hndl           
ffffffff  __TI_prof_data_size           
ffffffff  __TI_prof_data_start          
ffffffff  __c_args__                    
0000202c  __mspabi_divi                 
00002152  __mspabi_divu                 
00001cbc  __mspabi_divul                
000021fc  __mspabi_func_epilog_1        
000021fa  __mspabi_func_epilog_2        
000021f8  __mspabi_func_epilog_3        
000021f6  __mspabi_func_epilog_4        
000021f4  __mspabi_func_epilog_5        
000021f2  __mspabi_func_epilog_6        
000021f0  __mspabi_func_epilog_7        
00002168  __mspabi_mpyi_hw              
00001fd2  __mspabi_mpyl_hw              
0000202c  __mspabi_remi                 
00002152  __mspabi_remu                 
00001cbc  __mspabi_remul                
00002058  __mspabi_slli                 
00002080  __mspabi_slli_1               
0000206e  __mspabi_slli_10              
0000206c  __mspabi_slli_11              
0000206a  __mspabi_slli_12              
00002068  __mspabi_slli_13              
00002066  __mspabi_slli_14              
00002064  __mspabi_slli_15              
0000207e  __mspabi_slli_2               
0000207c  __mspabi_slli_3               
0000207a  __mspabi_slli_4               
00002078  __mspabi_slli_5               
00002076  __mspabi_slli_6               
00002074  __mspabi_slli_7               
00002072  __mspabi_slli_8               
00002070  __mspabi_slli_9               
00002000  __mspabi_srai                 
00002028  __mspabi_srai_1               
00002016  __mspabi_srai_10              
00002014  __mspabi_srai_11              
00002012  __mspabi_srai_12              
00002010  __mspabi_srai_13              
0000200e  __mspabi_srai_14              
0000200c  __mspabi_srai_15              
00002026  __mspabi_srai_2               
00002024  __mspabi_srai_3               
00002022  __mspabi_srai_4               
00002020  __mspabi_srai_5               
0000201e  __mspabi_srai_6               
0000201c  __mspabi_srai_7               
0000201a  __mspabi_srai_8               
00002018  __mspabi_srai_9               
00001e60  __mspabi_srli                 
00001ea6  __mspabi_srli_1               
00001e82  __mspabi_srli_10              
00001e7e  __mspabi_srli_11              
00001e7a  __mspabi_srli_12              
00001e76  __mspabi_srli_13              
00001e72  __mspabi_srli_14              
00001e6e  __mspabi_srli_15              
00001ea2  __mspabi_srli_2               
00001e9e  __mspabi_srli_3               
00001e9a  __mspabi_srli_4               
00001e96  __mspabi_srli_5               
00001e92  __mspabi_srli_6               
00001e8e  __mspabi_srli_7               
00001e8a  __mspabi_srli_8               
00001e86  __mspabi_srli_9               
00001cb4  __mspabi_srll_1               
00001c7e  __mspabi_srll_10              
00001c78  __mspabi_srll_11              
00001c72  __mspabi_srll_12              
00001c6c  __mspabi_srll_13              
00001c66  __mspabi_srll_14              
00001c60  __mspabi_srll_15              
00001cae  __mspabi_srll_2               
00001ca8  __mspabi_srll_3               
00001ca2  __mspabi_srll_4               
00001c9c  __mspabi_srll_5               
00001c96  __mspabi_srll_6               
00001c90  __mspabi_srll_7               
00001c8a  __mspabi_srll_8               
00001c84  __mspabi_srll_9               
00002120  _c_int00_noargs               
0000fffe  _reset_vector                 
000009b0  _stack                        
00002212  _system_post_cinit            
0000220e  _system_pre_init              
00002208  abort                         
0000020e  ci                            
0000020f  ifci                          
0000213c  inTime_init                   
00001bfe  init                          
00001100  main                          
0000218e  memcpy                        
00000208  pause                         
00001b90  r                             
0000020a  record_TAR                    
00001d68  start                         
00001d14  start1                        
00001f30  stop                          
00001eee  stop1                         
00000200  time                          
00000204  tmp_TAR                       
00000210  tmp_Time                      
000019dc  w                             
0000192a  w1                            
000020ae  wc                            
000020d8  wd                            


GLOBAL SYMBOLS: SORTED BY Symbol Address 

address   name                          
-------   ----                          
00000000  IE1                           
00000001  IE2                           
00000002  IFG1                          
00000003  IFG2                          
00000004  ME1                           
00000005  ME2                           
00000018  P3IN                          
00000019  P3OUT                         
0000001a  P3DIR                         
0000001b  P3SEL                         
0000001c  P4IN                          
0000001d  P4OUT                         
0000001e  P4DIR                         
0000001f  P4SEL                         
00000020  P1IN                          
00000021  P1OUT                         
00000022  P1DIR                         
00000023  P1IFG                         
00000024  P1IES                         
00000025  P1IE                          
00000026  P1SEL                         
00000028  P2IN                          
00000029  P2OUT                         
0000002a  P2DIR                         
0000002b  P2IFG                         
0000002c  P2IES                         
0000002d  P2IE                          
0000002e  P2SEL                         
00000030  P5IN                          
00000031  P5OUT                         
00000032  P5DIR                         
00000033  P5SEL                         
00000034  P6IN                          
00000035  P6OUT                         
00000036  P6DIR                         
00000037  P6SEL                         
00000050  I2CIE                         
00000050  __STACK_SIZE                  
00000051  I2CIFG                        
00000052  I2CNDAT                       
00000055  SVSCTL                        
00000056  DCOCTL                        
00000057  BCSCTL1                       
00000058  BCSCTL2                       
00000059  CACTL1                        
0000005a  CACTL2                        
0000005b  CAPD                          
00000070  U0CTL                         
00000071  I2CTCTL                       
00000071  U0TCTL                        
00000072  I2CDCTL                       
00000072  U0RCTL                        
00000073  I2CPSC                        
00000073  U0MCTL                        
00000074  I2CSCLH                       
00000074  U0BR0                         
00000075  I2CSCLL                       
00000075  U0BR1                         
00000076  I2CDRB                        
00000076  I2CDRW                        
00000076  U0RXBUF                       
00000077  U0TXBUF                       
00000078  U1CTL                         
00000079  U1TCTL                        
0000007a  U1RCTL                        
0000007b  U1MCTL                        
0000007c  U1BR0                         
0000007d  U1BR1                         
0000007e  U1RXBUF                       
0000007f  U1TXBUF                       
00000080  ADC12MCTL0                    
00000081  ADC12MCTL1                    
00000082  ADC12MCTL2                    
00000083  ADC12MCTL3                    
00000084  ADC12MCTL4                    
00000085  ADC12MCTL5                    
00000086  ADC12MCTL6                    
00000087  ADC12MCTL7                    
00000088  ADC12MCTL8                    
00000089  ADC12MCTL9                    
0000008a  ADC12MCTL10                   
0000008b  ADC12MCTL11                   
0000008c  ADC12MCTL12                   
0000008d  ADC12MCTL13                   
0000008e  ADC12MCTL14                   
0000008f  ADC12MCTL15                   
00000118  I2COA                         
0000011a  I2CSA                         
0000011c  I2CIV                         
0000011e  TBIV                          
00000120  WDTCTL                        
00000122  DMACTL0                       
00000124  DMACTL1                       
00000128  FCTL1                         
0000012a  FCTL2                         
0000012c  FCTL3                         
0000012e  TAIV                          
00000130  MPY                           
00000132  MPYS                          
00000134  MAC                           
00000136  MACS                          
00000138  OP2                           
0000013a  RESLO                         
0000013c  RESHI                         
0000013e  SUMEXT                        
00000140  ADC12MEM0                     
00000142  ADC12MEM1                     
00000144  ADC12MEM2                     
00000146  ADC12MEM3                     
00000148  ADC12MEM4                     
0000014a  ADC12MEM5                     
0000014c  ADC12MEM6                     
0000014e  ADC12MEM7                     
00000150  ADC12MEM8                     
00000152  ADC12MEM9                     
00000154  ADC12MEM10                    
00000156  ADC12MEM11                    
00000158  ADC12MEM12                    
0000015a  ADC12MEM13                    
0000015c  ADC12MEM14                    
0000015e  ADC12MEM15                    
00000160  TACTL                         
00000162  TACCTL0                       
00000164  TACCTL1                       
00000166  TACCTL2                       
00000170  TAR                           
00000172  TACCR0                        
00000174  TACCR1                        
00000176  TACCR2                        
00000180  TBCTL                         
00000182  TBCCTL0                       
00000184  TBCCTL1                       
00000186  TBCCTL2                       
00000188  TBCCTL3                       
0000018a  TBCCTL4                       
0000018c  TBCCTL5                       
0000018e  TBCCTL6                       
00000190  TBR                           
00000192  TBCCR0                        
00000194  TBCCR1                        
00000196  TBCCR2                        
00000198  TBCCR3                        
0000019a  TBCCR4                        
0000019c  TBCCR5                        
0000019e  TBCCR6                        
000001a0  ADC12CTL0                     
000001a2  ADC12CTL1                     
000001a4  ADC12IFG                      
000001a6  ADC12IE                       
000001a8  ADC12IV                       
000001c0  DAC12_0CTL                    
000001c2  DAC12_1CTL                    
000001c8  DAC12_0DAT                    
000001ca  DAC12_1DAT                    
000001e0  DMA0CTL                       
000001e2  DMA0SA                        
000001e4  DMA0DA                        
000001e6  DMA0SZ                        
000001e8  DMA1CTL                       
000001ea  DMA1SA                        
000001ec  DMA1DA                        
000001ee  DMA1SZ                        
000001f0  DMA2CTL                       
000001f2  DMA2SA                        
000001f4  DMA2DA                        
000001f6  DMA2SZ                        
00000200  time                          
00000204  tmp_TAR                       
00000208  pause                         
0000020a  record_TAR                    
0000020e  ci                            
0000020f  ifci                          
00000210  tmp_Time                      
000009b0  _stack                        
00000a00  __STACK_END                   
00001100  main                          
00001804  I2C1602_init                  
0000192a  w1                            
000019dc  w                             
00001a8e  Port1_ISR                     
00001b14  __TI_decompress_lzss          
00001b90  r                             
00001bfe  init                          
00001c60  __mspabi_srll_15              
00001c66  __mspabi_srll_14              
00001c6c  __mspabi_srll_13              
00001c72  __mspabi_srll_12              
00001c78  __mspabi_srll_11              
00001c7e  __mspabi_srll_10              
00001c84  __mspabi_srll_9               
00001c8a  __mspabi_srll_8               
00001c90  __mspabi_srll_7               
00001c96  __mspabi_srll_6               
00001c9c  __mspabi_srll_5               
00001ca2  __mspabi_srll_4               
00001ca8  __mspabi_srll_3               
00001cae  __mspabi_srll_2               
00001cb4  __mspabi_srll_1               
00001cbc  __mspabi_divul                
00001cbc  __mspabi_remul                
00001d14  start1                        
00001d68  start                         
00001dbc  I2C1602_wc                    
00001e0e  I2C1602_wd                    
00001e60  __mspabi_srli                 
00001e6e  __mspabi_srli_15              
00001e72  __mspabi_srli_14              
00001e76  __mspabi_srli_13              
00001e7a  __mspabi_srli_12              
00001e7e  __mspabi_srli_11              
00001e82  __mspabi_srli_10              
00001e86  __mspabi_srli_9               
00001e8a  __mspabi_srli_8               
00001e8e  __mspabi_srli_7               
00001e92  __mspabi_srli_6               
00001e96  __mspabi_srli_5               
00001e9a  __mspabi_srli_4               
00001e9e  __mspabi_srli_3               
00001ea2  __mspabi_srli_2               
00001ea6  __mspabi_srli_1               
00001eac  __TI_auto_init_nobinit_nopinit
00001eee  stop1                         
00001f30  stop                          
00001f72  RC                            
00001fa4  Clock_Init                    
00001fd2  __mspabi_mpyl_hw              
00002000  __mspabi_srai                 
0000200c  __mspabi_srai_15              
0000200e  __mspabi_srai_14              
00002010  __mspabi_srai_13              
00002012  __mspabi_srai_12              
00002014  __mspabi_srai_11              
00002016  __mspabi_srai_10              
00002018  __mspabi_srai_9               
0000201a  __mspabi_srai_8               
0000201c  __mspabi_srai_7               
0000201e  __mspabi_srai_6               
00002020  __mspabi_srai_5               
00002022  __mspabi_srai_4               
00002024  __mspabi_srai_3               
00002026  __mspabi_srai_2               
00002028  __mspabi_srai_1               
0000202c  __mspabi_divi                 
0000202c  __mspabi_remi                 
00002058  __mspabi_slli                 
00002064  __mspabi_slli_15              
00002066  __mspabi_slli_14              
00002068  __mspabi_slli_13              
0000206a  __mspabi_slli_12              
0000206c  __mspabi_slli_11              
0000206e  __mspabi_slli_10              
00002070  __mspabi_slli_9               
00002072  __mspabi_slli_8               
00002074  __mspabi_slli_7               
00002076  __mspabi_slli_6               
00002078  __mspabi_slli_5               
0000207a  __mspabi_slli_4               
0000207c  __mspabi_slli_3               
0000207e  __mspabi_slli_2               
00002080  __mspabi_slli_1               
00002084  HEX2BCD                       
000020ae  wc                            
000020d8  wd                            
00002102  BCD2HEX                       
00002120  _c_int00_noargs               
0000213c  inTime_init                   
00002152  __mspabi_divu                 
00002152  __mspabi_remu                 
00002168  __mspabi_mpyi_hw              
0000217c  __TI_decompress_none          
0000218e  memcpy                        
000021a0  Scl1                          
000021b0  Scl                           
000021c0  Sda1                          
000021d0  Sda                           
000021e0  Timer_A                       
000021f0  __mspabi_func_epilog_7        
000021f2  __mspabi_func_epilog_6        
000021f4  __mspabi_func_epilog_5        
000021f6  __mspabi_func_epilog_4        
000021f8  __mspabi_func_epilog_3        
000021fa  __mspabi_func_epilog_2        
000021fc  __mspabi_func_epilog_1        
00002200  __TI_ISR_TRAP                 
00002208  C$$EXIT                       
00002208  abort                         
0000220e  _system_pre_init              
00002212  _system_post_cinit            
0000224a  __TI_Handler_Table_Base       
0000224e  __TI_CINIT_Base               
0000224e  __TI_Handler_Table_Limit      
00002252  __TI_CINIT_Limit              
0000ffe0  __TI_int00                    
0000ffe2  __TI_int01                    
0000ffe4  __TI_int02                    
0000ffe6  __TI_int03                    
0000ffe8  __TI_int04                    
0000ffea  __TI_int05                    
0000ffec  __TI_int06                    
0000ffee  __TI_int07                    
0000fff0  __TI_int08                    
0000fff2  __TI_int09                    
0000fff4  __TI_int10                    
0000fff6  __TI_int11                    
0000fff8  __TI_int12                    
0000fffa  __TI_int13                    
0000fffc  __TI_int14                    
0000fffe  _reset_vector                 
ffffffff  __TI_pprof_out_hndl           
ffffffff  __TI_prof_data_size           
ffffffff  __TI_prof_data_start          
ffffffff  __c_args__                    

[312 symbols]
