******************************************************************************
                  MSP430 Linker PC v18.1.2                     
******************************************************************************
>> Linked Wed Oct  3 15:47:55 2018

OUTPUT FILE NAME:   <clock_i2c.out>
ENTRY POINT SYMBOL: "_c_int00_noargs"  address: 0000212e


MEMORY CONFIGURATION

         name            origin    length      used     unused   attr    fill
----------------------  --------  ---------  --------  --------  ----  --------
  SFR                   00000000   00000010  00000000  00000010  RWIX
  PERIPHERALS_8BIT      00000010   000000f0  00000000  000000f0  RWIX
  PERIPHERALS_16BIT     00000100   00000100  00000000  00000100  RWIX
  RAM                   00000200   00000800  0000005e  000007a2  RWIX
  INFOB                 00001000   00000080  00000000  00000080  RWIX
  INFOA                 00001080   00000080  00000000  00000080  RWIX
  FLASH                 00001100   0000eee0  00001162  0000dd7e  RWIX
  INT00                 0000ffe0   00000002  00000002  00000000  RWIX
  INT01                 0000ffe2   00000002  00000002  00000000  RWIX
  INT02                 0000ffe4   00000002  00000002  00000000  RWIX
  INT03                 0000ffe6   00000002  00000002  00000000  RWIX
  INT04                 0000ffe8   00000002  00000002  00000000  RWIX
  INT05                 0000ffea   00000002  00000002  00000000  RWIX
  INT06                 0000ffec   00000002  00000002  00000000  RWIX
  INT07                 0000ffee   00000002  00000002  00000000  RWIX
  INT08                 0000fff0   00000002  00000002  00000000  RWIX
  INT09                 0000fff2   00000002  00000002  00000000  RWIX
  INT10                 0000fff4   00000002  00000002  00000000  RWIX
  INT11                 0000fff6   00000002  00000002  00000000  RWIX
  INT12                 0000fff8   00000002  00000002  00000000  RWIX
  INT13                 0000fffa   00000002  00000002  00000000  RWIX
  INT14                 0000fffc   00000002  00000002  00000000  RWIX
  RESET                 0000fffe   00000002  00000002  00000000  RWIX


SECTION ALLOCATION MAP

 output                                  attributes/
section   page    origin      length       input sections
--------  ----  ----------  ----------   ----------------
.data      0    00000200    0000000e     UNINITIALIZED
                  00000200    0000000e     main.obj (.data)

.stack     0    000009b0    00000050     UNINITIALIZED
                  000009b0    00000002     rts430_eabi.lib : boot.c.obj (.stack)
                  000009b2    0000004e     --HOLE--

.text      0    00001100    00001122     
                  00001100    00000762     main.obj (.text:main)
                  00001862    00000126     main.obj (.text:I2C1602_init)
                  00001988    000000b2     main.obj (.text:w1)
                  00001a3a    000000b2     main.obj (.text:w)
                  00001aec    0000007c     rts430_eabi.lib : copy_decompress_lzss.c.obj (.text:decompress:lzss:__TI_decompress_lzss)
                  00001b68    0000006e     main.obj (.text:r)
                  00001bd6    00000062     main.obj (.text:init)
                  00001c38    00000060     main.obj (.text:Port1_ISR)
                  00001c98    0000005c     rts430_eabi.lib : lsr32.asm.obj (.text:l_lsr_const)
                  00001cf4    00000058                     : div32u.asm.obj (.text)
                  00001d4c    00000054     main.obj (.text:start1)
                  00001da0    00000054     main.obj (.text:start)
                  00001df4    00000052     main.obj (.text:I2C1602_wc)
                  00001e46    00000052     main.obj (.text:I2C1602_wd)
                  00001e98    0000004c     rts430_eabi.lib : lsr16.asm.obj (.text)
                  00001ee4    00000042                     : autoinit.c.obj (.text:__TI_auto_init_nobinit_nopinit:__TI_auto_init_nobinit_nopinit)
                  00001f26    00000042     main.obj (.text:stop1)
                  00001f68    00000042     main.obj (.text:stop)
                  00001faa    00000032     main.obj (.text:RC)
                  00001fdc    0000002e     main.obj (.text:Clock_Init)
                  0000200a    0000002e     rts430_eabi.lib : mult32_hw.asm.obj (.text)
                  00002038    0000002c                     : asr16.asm.obj (.text)
                  00002064    0000002c                     : div16s.asm.obj (.text)
                  00002090    0000002c                     : lsl16.asm.obj (.text)
                  000020bc    0000002a     main.obj (.text:wc)
                  000020e6    0000002a     main.obj (.text:wd)
                  00002110    0000001e     main.obj (.text:BCD2HEX)
                  0000212e    0000001c     rts430_eabi.lib : boot.c.obj (.text:_c_int00_noargs)
                  0000214a    00000016     main.obj (.text:inTime_init)
                  00002160    00000016     rts430_eabi.lib : div16u.asm.obj (.text)
                  00002176    00000014                     : mult16_hw.asm.obj (.text)
                  0000218a    00000012                     : copy_decompress_none.c.obj (.text:decompress:none:__TI_decompress_none)
                  0000219c    00000012                     : memcpy.c.obj (.text:memcpy)
                  000021ae    00000010     main.obj (.text:Scl1)
                  000021be    00000010     main.obj (.text:Scl)
                  000021ce    00000010     main.obj (.text:Sda1)
                  000021de    00000010     main.obj (.text:Sda)
                  000021ee    00000010     main.obj (.text:Timer_A)
                  000021fe    00000010     rts430_eabi.lib : epilog.asm.obj (.text)
                  0000220e    00000008                     : isr_trap.asm.obj (.text:_isr:__TI_ISR_TRAP)
                  00002216    00000006                     : exit.c.obj (.text:abort)
                  0000221c    00000004                     : pre_init.c.obj (.text:_system_pre_init)
                  00002220    00000002                     : startup.c.obj (.text:_system_post_cinit)

.const     0    00002222    0000002a     
                  00002222    0000002a     main.obj (.const:.string)

.cinit     0    0000224c    00000016     
                  0000224c    0000000d     (.cinit..data.load) [load image, compression = lzss]
                  00002259    00000001     --HOLE-- [fill = 0]
                  0000225a    00000004     (__TI_handler_table)
                  0000225e    00000004     (__TI_cinit_table)

.binit     0    00001100    00000000     

.init_array 
*          0    00001100    00000000     UNINITIALIZED

DACDMA     0    0000ffe0    00000002     
                  0000ffe0    00000002     rts430_eabi.lib : int00.asm.obj (.int00)

PORT2      0    0000ffe2    00000002     
                  0000ffe2    00000002     rts430_eabi.lib : int01.asm.obj (.int01)

USART1TX   0    0000ffe4    00000002     
                  0000ffe4    00000002     rts430_eabi.lib : int02.asm.obj (.int02)

USART1RX   0    0000ffe6    00000002     
                  0000ffe6    00000002     rts430_eabi.lib : int03.asm.obj (.int03)

PORT1      0    0000ffe8    00000002     
                  0000ffe8    00000002     main.obj (.int04)

TIMERA1    0    0000ffea    00000002     
                  0000ffea    00000002     rts430_eabi.lib : int05.asm.obj (.int05)

TIMERA0    0    0000ffec    00000002     
                  0000ffec    00000002     main.obj (.int06)

ADC12      0    0000ffee    00000002     
                  0000ffee    00000002     rts430_eabi.lib : int07.asm.obj (.int07)

USART0TX   0    0000fff0    00000002     
                  0000fff0    00000002     rts430_eabi.lib : int08.asm.obj (.int08)

USART0RX   0    0000fff2    00000002     
                  0000fff2    00000002     rts430_eabi.lib : int09.asm.obj (.int09)

WDT        0    0000fff4    00000002     
                  0000fff4    00000002     rts430_eabi.lib : int10.asm.obj (.int10)

COMPARATORA 
*          0    0000fff6    00000002     
                  0000fff6    00000002     rts430_eabi.lib : int11.asm.obj (.int11)

TIMERB1    0    0000fff8    00000002     
                  0000fff8    00000002     rts430_eabi.lib : int12.asm.obj (.int12)

TIMERB0    0    0000fffa    00000002     
                  0000fffa    00000002     rts430_eabi.lib : int13.asm.obj (.int13)

NMI        0    0000fffc    00000002     
                  0000fffc    00000002     rts430_eabi.lib : int14.asm.obj (.int14)

.reset     0    0000fffe    00000002     
                  0000fffe    00000002     rts430_eabi.lib : boot.c.obj (.reset)

MODULE SUMMARY

       Module                       code   ro data   rw data
       ------                       ----   -------   -------
    .\
       main.obj                     3620   46        14     
    +--+----------------------------+------+---------+---------+
       Total:                       3620   46        14     
                                                            
    C:\ti\ccsv8\tools\compiler\ti-cgt-msp430_18.1.2.LTS\lib\rts430_eabi.lib
       copy_decompress_lzss.c.obj   124    0         0      
       lsr32.asm.obj                92     0         0      
       div32u.asm.obj               88     0         0      
       lsr16.asm.obj                76     0         0      
       autoinit.c.obj               66     0         0      
       mult32_hw.asm.obj            46     0         0      
       asr16.asm.obj                44     0         0      
       div16s.asm.obj               44     0         0      
       lsl16.asm.obj                44     0         0      
       boot.c.obj                   28     2         0      
       div16u.asm.obj               22     0         0      
       mult16_hw.asm.obj            20     0         0      
       copy_decompress_none.c.obj   18     0         0      
       memcpy.c.obj                 18     0         0      
       epilog.asm.obj               16     0         0      
       isr_trap.asm.obj             8      0         0      
       exit.c.obj                   6      0         0      
       pre_init.c.obj               4      0         0      
       int00.asm.obj                0      2         0      
       int01.asm.obj                0      2         0      
       int02.asm.obj                0      2         0      
       int03.asm.obj                0      2         0      
       int05.asm.obj                0      2         0      
       int07.asm.obj                0      2         0      
       int08.asm.obj                0      2         0      
       int09.asm.obj                0      2         0      
       int10.asm.obj                0      2         0      
       int11.asm.obj                0      2         0      
       int12.asm.obj                0      2         0      
       int13.asm.obj                0      2         0      
       int14.asm.obj                0      2         0      
       startup.c.obj                2      0         0      
    +--+----------------------------+------+---------+---------+
       Total:                       766    28        0      
                                                            
       Stack:                       0      0         80     
       Linker Generated:            0      21        0      
    +--+----------------------------+------+---------+---------+
       Grand Total:                 4386   95        94     


LINKER GENERATED COPY TABLES

__TI_cinit_table @ 0000225e records: 1, size/record: 4, table size: 4
	.data: load addr=0000224c, load size=0000000d bytes, run addr=00000200, run size=0000000e bytes, compression=lzss


LINKER GENERATED HANDLER TABLE

__TI_handler_table @ 0000225a records: 2, size/record: 2, table size: 4
	index: 0, handler: __TI_decompress_lzss
	index: 1, handler: __TI_decompress_none


GLOBAL SYMBOLS: SORTED ALPHABETICALLY BY Name 

address   name                          
-------   ----                          
000001a0  ADC12CTL0                     
000001a2  ADC12CTL1                     
000001a6  ADC12IE                       
000001a4  ADC12IFG                      
000001a8  ADC12IV                       
00000080  ADC12MCTL0                    
00000081  ADC12MCTL1                    
0000008a  ADC12MCTL10                   
0000008b  ADC12MCTL11                   
0000008c  ADC12MCTL12                   
0000008d  ADC12MCTL13                   
0000008e  ADC12MCTL14                   
0000008f  ADC12MCTL15                   
00000082  ADC12MCTL2                    
00000083  ADC12MCTL3                    
00000084  ADC12MCTL4                    
00000085  ADC12MCTL5                    
00000086  ADC12MCTL6                    
00000087  ADC12MCTL7                    
00000088  ADC12MCTL8                    
00000089  ADC12MCTL9                    
00000140  ADC12MEM0                     
00000142  ADC12MEM1                     
00000154  ADC12MEM10                    
00000156  ADC12MEM11                    
00000158  ADC12MEM12                    
0000015a  ADC12MEM13                    
0000015c  ADC12MEM14                    
0000015e  ADC12MEM15                    
00000144  ADC12MEM2                     
00000146  ADC12MEM3                     
00000148  ADC12MEM4                     
0000014a  ADC12MEM5                     
0000014c  ADC12MEM6                     
0000014e  ADC12MEM7                     
00000150  ADC12MEM8                     
00000152  ADC12MEM9                     
00002110  BCD2HEX                       
00000057  BCSCTL1                       
00000058  BCSCTL2                       
00002216  C$$EXIT                       
00000059  CACTL1                        
0000005a  CACTL2                        
0000005b  CAPD                          
00001fdc  Clock_Init                    
000001c0  DAC12_0CTL                    
000001c8  DAC12_0DAT                    
000001c2  DAC12_1CTL                    
000001ca  DAC12_1DAT                    
00000056  DCOCTL                        
000001e0  DMA0CTL                       
000001e4  DMA0DA                        
000001e2  DMA0SA                        
000001e6  DMA0SZ                        
000001e8  DMA1CTL                       
000001ec  DMA1DA                        
000001ea  DMA1SA                        
000001ee  DMA1SZ                        
000001f0  DMA2CTL                       
000001f4  DMA2DA                        
000001f2  DMA2SA                        
000001f6  DMA2SZ                        
00000122  DMACTL0                       
00000124  DMACTL1                       
00000128  FCTL1                         
0000012a  FCTL2                         
0000012c  FCTL3                         
00001862  I2C1602_init                  
00001df4  I2C1602_wc                    
00001e46  I2C1602_wd                    
00000072  I2CDCTL                       
00000076  I2CDRB                        
00000076  I2CDRW                        
00000050  I2CIE                         
00000051  I2CIFG                        
0000011c  I2CIV                         
00000052  I2CNDAT                       
00000118  I2COA                         
00000073  I2CPSC                        
0000011a  I2CSA                         
00000074  I2CSCLH                       
00000075  I2CSCLL                       
00000071  I2CTCTL                       
00000000  IE1                           
00000001  IE2                           
00000002  IFG1                          
00000003  IFG2                          
00000134  MAC                           
00000136  MACS                          
00000004  ME1                           
00000005  ME2                           
00000130  MPY                           
00000132  MPYS                          
00000138  OP2                           
00000022  P1DIR                         
00000025  P1IE                          
00000024  P1IES                         
00000023  P1IFG                         
00000020  P1IN                          
00000021  P1OUT                         
00000026  P1SEL                         
0000002a  P2DIR                         
0000002d  P2IE                          
0000002c  P2IES                         
0000002b  P2IFG                         
00000028  P2IN                          
00000029  P2OUT                         
0000002e  P2SEL                         
0000001a  P3DIR                         
00000018  P3IN                          
00000019  P3OUT                         
0000001b  P3SEL                         
0000001e  P4DIR                         
0000001c  P4IN                          
0000001d  P4OUT                         
0000001f  P4SEL                         
00000032  P5DIR                         
00000030  P5IN                          
00000031  P5OUT                         
00000033  P5SEL                         
00000036  P6DIR                         
00000034  P6IN                          
00000035  P6OUT                         
00000037  P6SEL                         
00001c38  Port1_ISR                     
00001faa  RC                            
0000013c  RESHI                         
0000013a  RESLO                         
0000013e  SUMEXT                        
00000055  SVSCTL                        
000021be  Scl                           
000021ae  Scl1                          
000021de  Sda                           
000021ce  Sda1                          
00000172  TACCR0                        
00000174  TACCR1                        
00000176  TACCR2                        
00000162  TACCTL0                       
00000164  TACCTL1                       
00000166  TACCTL2                       
00000160  TACTL                         
0000012e  TAIV                          
00000170  TAR                           
00000192  TBCCR0                        
00000194  TBCCR1                        
00000196  TBCCR2                        
00000198  TBCCR3                        
0000019a  TBCCR4                        
0000019c  TBCCR5                        
0000019e  TBCCR6                        
00000182  TBCCTL0                       
00000184  TBCCTL1                       
00000186  TBCCTL2                       
00000188  TBCCTL3                       
0000018a  TBCCTL4                       
0000018c  TBCCTL5                       
0000018e  TBCCTL6                       
00000180  TBCTL                         
0000011e  TBIV                          
00000190  TBR                           
000021ee  Timer_A                       
00000074  U0BR0                         
00000075  U0BR1                         
00000070  U0CTL                         
00000073  U0MCTL                        
00000072  U0RCTL                        
00000076  U0RXBUF                       
00000071  U0TCTL                        
00000077  U0TXBUF                       
0000007c  U1BR0                         
0000007d  U1BR1                         
00000078  U1CTL                         
0000007b  U1MCTL                        
0000007a  U1RCTL                        
0000007e  U1RXBUF                       
00000079  U1TCTL                        
0000007f  U1TXBUF                       
00000120  WDTCTL                        
00000a00  __STACK_END                   
00000050  __STACK_SIZE                  
0000225e  __TI_CINIT_Base               
00002262  __TI_CINIT_Limit              
0000225a  __TI_Handler_Table_Base       
0000225e  __TI_Handler_Table_Limit      
0000220e  __TI_ISR_TRAP                 
00001ee4  __TI_auto_init_nobinit_nopinit
00001aec  __TI_decompress_lzss          
0000218a  __TI_decompress_none          
0000ffe0  __TI_int00                    
0000ffe2  __TI_int01                    
0000ffe4  __TI_int02                    
0000ffe6  __TI_int03                    
0000ffe8  __TI_int04                    
0000ffea  __TI_int05                    
0000ffec  __TI_int06                    
0000ffee  __TI_int07                    
0000fff0  __TI_int08                    
0000fff2  __TI_int09                    
0000fff4  __TI_int10                    
0000fff6  __TI_int11                    
0000fff8  __TI_int12                    
0000fffa  __TI_int13                    
0000fffc  __TI_int14                    
ffffffff  __TI_pprof_out_hndl           
ffffffff  __TI_prof_data_size           
ffffffff  __TI_prof_data_start          
ffffffff  __c_args__                    
00002064  __mspabi_divi                 
00002160  __mspabi_divu                 
00001cf4  __mspabi_divul                
0000220a  __mspabi_func_epilog_1        
00002208  __mspabi_func_epilog_2        
00002206  __mspabi_func_epilog_3        
00002204  __mspabi_func_epilog_4        
00002202  __mspabi_func_epilog_5        
00002200  __mspabi_func_epilog_6        
000021fe  __mspabi_func_epilog_7        
00002176  __mspabi_mpyi_hw              
0000200a  __mspabi_mpyl_hw              
00002064  __mspabi_remi                 
00002160  __mspabi_remu                 
00001cf4  __mspabi_remul                
00002090  __mspabi_slli                 
000020b8  __mspabi_slli_1               
000020a6  __mspabi_slli_10              
000020a4  __mspabi_slli_11              
000020a2  __mspabi_slli_12              
000020a0  __mspabi_slli_13              
0000209e  __mspabi_slli_14              
0000209c  __mspabi_slli_15              
000020b6  __mspabi_slli_2               
000020b4  __mspabi_slli_3               
000020b2  __mspabi_slli_4               
000020b0  __mspabi_slli_5               
000020ae  __mspabi_slli_6               
000020ac  __mspabi_slli_7               
000020aa  __mspabi_slli_8               
000020a8  __mspabi_slli_9               
00002038  __mspabi_srai                 
00002060  __mspabi_srai_1               
0000204e  __mspabi_srai_10              
0000204c  __mspabi_srai_11              
0000204a  __mspabi_srai_12              
00002048  __mspabi_srai_13              
00002046  __mspabi_srai_14              
00002044  __mspabi_srai_15              
0000205e  __mspabi_srai_2               
0000205c  __mspabi_srai_3               
0000205a  __mspabi_srai_4               
00002058  __mspabi_srai_5               
00002056  __mspabi_srai_6               
00002054  __mspabi_srai_7               
00002052  __mspabi_srai_8               
00002050  __mspabi_srai_9               
00001e98  __mspabi_srli                 
00001ede  __mspabi_srli_1               
00001eba  __mspabi_srli_10              
00001eb6  __mspabi_srli_11              
00001eb2  __mspabi_srli_12              
00001eae  __mspabi_srli_13              
00001eaa  __mspabi_srli_14              
00001ea6  __mspabi_srli_15              
00001eda  __mspabi_srli_2               
00001ed6  __mspabi_srli_3               
00001ed2  __mspabi_srli_4               
00001ece  __mspabi_srli_5               
00001eca  __mspabi_srli_6               
00001ec6  __mspabi_srli_7               
00001ec2  __mspabi_srli_8               
00001ebe  __mspabi_srli_9               
00001cec  __mspabi_srll_1               
00001cb6  __mspabi_srll_10              
00001cb0  __mspabi_srll_11              
00001caa  __mspabi_srll_12              
00001ca4  __mspabi_srll_13              
00001c9e  __mspabi_srll_14              
00001c98  __mspabi_srll_15              
00001ce6  __mspabi_srll_2               
00001ce0  __mspabi_srll_3               
00001cda  __mspabi_srll_4               
00001cd4  __mspabi_srll_5               
00001cce  __mspabi_srll_6               
00001cc8  __mspabi_srll_7               
00001cc2  __mspabi_srll_8               
00001cbc  __mspabi_srll_9               
0000212e  _c_int00_noargs               
0000fffe  _reset_vector                 
000009b0  _stack                        
00002220  _system_post_cinit            
0000221c  _system_pre_init              
00002216  abort                         
0000020a  ci                            
0000020b  ifci                          
0000214a  inTime_init                   
00001bd6  init                          
00001100  main                          
0000219c  memcpy                        
00000204  pause                         
00001b68  r                             
00000206  record_TAR                    
00001da0  start                         
00001d4c  start1                        
00001f68  stop                          
00001f26  stop1                         
00000200  time                          
0000020c  tmp_TAR                       
00001a3a  w                             
00001988  w1                            
000020bc  wc                            
000020e6  wd                            


GLOBAL SYMBOLS: SORTED BY Symbol Address 

address   name                          
-------   ----                          
00000000  IE1                           
00000001  IE2                           
00000002  IFG1                          
00000003  IFG2                          
00000004  ME1                           
00000005  ME2                           
00000018  P3IN                          
00000019  P3OUT                         
0000001a  P3DIR                         
0000001b  P3SEL                         
0000001c  P4IN                          
0000001d  P4OUT                         
0000001e  P4DIR                         
0000001f  P4SEL                         
00000020  P1IN                          
00000021  P1OUT                         
00000022  P1DIR                         
00000023  P1IFG                         
00000024  P1IES                         
00000025  P1IE                          
00000026  P1SEL                         
00000028  P2IN                          
00000029  P2OUT                         
0000002a  P2DIR                         
0000002b  P2IFG                         
0000002c  P2IES                         
0000002d  P2IE                          
0000002e  P2SEL                         
00000030  P5IN                          
00000031  P5OUT                         
00000032  P5DIR                         
00000033  P5SEL                         
00000034  P6IN                          
00000035  P6OUT                         
00000036  P6DIR                         
00000037  P6SEL                         
00000050  I2CIE                         
00000050  __STACK_SIZE                  
00000051  I2CIFG                        
00000052  I2CNDAT                       
00000055  SVSCTL                        
00000056  DCOCTL                        
00000057  BCSCTL1                       
00000058  BCSCTL2                       
00000059  CACTL1                        
0000005a  CACTL2                        
0000005b  CAPD                          
00000070  U0CTL                         
00000071  I2CTCTL                       
00000071  U0TCTL                        
00000072  I2CDCTL                       
00000072  U0RCTL                        
00000073  I2CPSC                        
00000073  U0MCTL                        
00000074  I2CSCLH                       
00000074  U0BR0                         
00000075  I2CSCLL                       
00000075  U0BR1                         
00000076  I2CDRB                        
00000076  I2CDRW                        
00000076  U0RXBUF                       
00000077  U0TXBUF                       
00000078  U1CTL                         
00000079  U1TCTL                        
0000007a  U1RCTL                        
0000007b  U1MCTL                        
0000007c  U1BR0                         
0000007d  U1BR1                         
0000007e  U1RXBUF                       
0000007f  U1TXBUF                       
00000080  ADC12MCTL0                    
00000081  ADC12MCTL1                    
00000082  ADC12MCTL2                    
00000083  ADC12MCTL3                    
00000084  ADC12MCTL4                    
00000085  ADC12MCTL5                    
00000086  ADC12MCTL6                    
00000087  ADC12MCTL7                    
00000088  ADC12MCTL8                    
00000089  ADC12MCTL9                    
0000008a  ADC12MCTL10                   
0000008b  ADC12MCTL11                   
0000008c  ADC12MCTL12                   
0000008d  ADC12MCTL13                   
0000008e  ADC12MCTL14                   
0000008f  ADC12MCTL15                   
00000118  I2COA                         
0000011a  I2CSA                         
0000011c  I2CIV                         
0000011e  TBIV                          
00000120  WDTCTL                        
00000122  DMACTL0                       
00000124  DMACTL1                       
00000128  FCTL1                         
0000012a  FCTL2                         
0000012c  FCTL3                         
0000012e  TAIV                          
00000130  MPY                           
00000132  MPYS                          
00000134  MAC                           
00000136  MACS                          
00000138  OP2                           
0000013a  RESLO                         
0000013c  RESHI                         
0000013e  SUMEXT                        
00000140  ADC12MEM0                     
00000142  ADC12MEM1                     
00000144  ADC12MEM2                     
00000146  ADC12MEM3                     
00000148  ADC12MEM4                     
0000014a  ADC12MEM5                     
0000014c  ADC12MEM6                     
0000014e  ADC12MEM7                     
00000150  ADC12MEM8                     
00000152  ADC12MEM9                     
00000154  ADC12MEM10                    
00000156  ADC12MEM11                    
00000158  ADC12MEM12                    
0000015a  ADC12MEM13                    
0000015c  ADC12MEM14                    
0000015e  ADC12MEM15                    
00000160  TACTL                         
00000162  TACCTL0                       
00000164  TACCTL1                       
00000166  TACCTL2                       
00000170  TAR                           
00000172  TACCR0                        
00000174  TACCR1                        
00000176  TACCR2                        
00000180  TBCTL                         
00000182  TBCCTL0                       
00000184  TBCCTL1                       
00000186  TBCCTL2                       
00000188  TBCCTL3                       
0000018a  TBCCTL4                       
0000018c  TBCCTL5                       
0000018e  TBCCTL6                       
00000190  TBR                           
00000192  TBCCR0                        
00000194  TBCCR1                        
00000196  TBCCR2                        
00000198  TBCCR3                        
0000019a  TBCCR4                        
0000019c  TBCCR5                        
0000019e  TBCCR6                        
000001a0  ADC12CTL0                     
000001a2  ADC12CTL1                     
000001a4  ADC12IFG                      
000001a6  ADC12IE                       
000001a8  ADC12IV                       
000001c0  DAC12_0CTL                    
000001c2  DAC12_1CTL                    
000001c8  DAC12_0DAT                    
000001ca  DAC12_1DAT                    
000001e0  DMA0CTL                       
000001e2  DMA0SA                        
000001e4  DMA0DA                        
000001e6  DMA0SZ                        
000001e8  DMA1CTL                       
000001ea  DMA1SA                        
000001ec  DMA1DA                        
000001ee  DMA1SZ                        
000001f0  DMA2CTL                       
000001f2  DMA2SA                        
000001f4  DMA2DA                        
000001f6  DMA2SZ                        
00000200  time                          
00000204  pause                         
00000206  record_TAR                    
0000020a  ci                            
0000020b  ifci                          
0000020c  tmp_TAR                       
000009b0  _stack                        
00000a00  __STACK_END                   
00001100  main                          
00001862  I2C1602_init                  
00001988  w1                            
00001a3a  w                             
00001aec  __TI_decompress_lzss          
00001b68  r                             
00001bd6  init                          
00001c38  Port1_ISR                     
00001c98  __mspabi_srll_15              
00001c9e  __mspabi_srll_14              
00001ca4  __mspabi_srll_13              
00001caa  __mspabi_srll_12              
00001cb0  __mspabi_srll_11              
00001cb6  __mspabi_srll_10              
00001cbc  __mspabi_srll_9               
00001cc2  __mspabi_srll_8               
00001cc8  __mspabi_srll_7               
00001cce  __mspabi_srll_6               
00001cd4  __mspabi_srll_5               
00001cda  __mspabi_srll_4               
00001ce0  __mspabi_srll_3               
00001ce6  __mspabi_srll_2               
00001cec  __mspabi_srll_1               
00001cf4  __mspabi_divul                
00001cf4  __mspabi_remul                
00001d4c  start1                        
00001da0  start                         
00001df4  I2C1602_wc                    
00001e46  I2C1602_wd                    
00001e98  __mspabi_srli                 
00001ea6  __mspabi_srli_15              
00001eaa  __mspabi_srli_14              
00001eae  __mspabi_srli_13              
00001eb2  __mspabi_srli_12              
00001eb6  __mspabi_srli_11              
00001eba  __mspabi_srli_10              
00001ebe  __mspabi_srli_9               
00001ec2  __mspabi_srli_8               
00001ec6  __mspabi_srli_7               
00001eca  __mspabi_srli_6               
00001ece  __mspabi_srli_5               
00001ed2  __mspabi_srli_4               
00001ed6  __mspabi_srli_3               
00001eda  __mspabi_srli_2               
00001ede  __mspabi_srli_1               
00001ee4  __TI_auto_init_nobinit_nopinit
00001f26  stop1                         
00001f68  stop                          
00001faa  RC                            
00001fdc  Clock_Init                    
0000200a  __mspabi_mpyl_hw              
00002038  __mspabi_srai                 
00002044  __mspabi_srai_15              
00002046  __mspabi_srai_14              
00002048  __mspabi_srai_13              
0000204a  __mspabi_srai_12              
0000204c  __mspabi_srai_11              
0000204e  __mspabi_srai_10              
00002050  __mspabi_srai_9               
00002052  __mspabi_srai_8               
00002054  __mspabi_srai_7               
00002056  __mspabi_srai_6               
00002058  __mspabi_srai_5               
0000205a  __mspabi_srai_4               
0000205c  __mspabi_srai_3               
0000205e  __mspabi_srai_2               
00002060  __mspabi_srai_1               
00002064  __mspabi_divi                 
00002064  __mspabi_remi                 
00002090  __mspabi_slli                 
0000209c  __mspabi_slli_15              
0000209e  __mspabi_slli_14              
000020a0  __mspabi_slli_13              
000020a2  __mspabi_slli_12              
000020a4  __mspabi_slli_11              
000020a6  __mspabi_slli_10              
000020a8  __mspabi_slli_9               
000020aa  __mspabi_slli_8               
000020ac  __mspabi_slli_7               
000020ae  __mspabi_slli_6               
000020b0  __mspabi_slli_5               
000020b2  __mspabi_slli_4               
000020b4  __mspabi_slli_3               
000020b6  __mspabi_slli_2               
000020b8  __mspabi_slli_1               
000020bc  wc                            
000020e6  wd                            
00002110  BCD2HEX                       
0000212e  _c_int00_noargs               
0000214a  inTime_init                   
00002160  __mspabi_divu                 
00002160  __mspabi_remu                 
00002176  __mspabi_mpyi_hw              
0000218a  __TI_decompress_none          
0000219c  memcpy                        
000021ae  Scl1                          
000021be  Scl                           
000021ce  Sda1                          
000021de  Sda                           
000021ee  Timer_A                       
000021fe  __mspabi_func_epilog_7        
00002200  __mspabi_func_epilog_6        
00002202  __mspabi_func_epilog_5        
00002204  __mspabi_func_epilog_4        
00002206  __mspabi_func_epilog_3        
00002208  __mspabi_func_epilog_2        
0000220a  __mspabi_func_epilog_1        
0000220e  __TI_ISR_TRAP                 
00002216  C$$EXIT                       
00002216  abort                         
0000221c  _system_pre_init              
00002220  _system_post_cinit            
0000225a  __TI_Handler_Table_Base       
0000225e  __TI_CINIT_Base               
0000225e  __TI_Handler_Table_Limit      
00002262  __TI_CINIT_Limit              
0000ffe0  __TI_int00                    
0000ffe2  __TI_int01                    
0000ffe4  __TI_int02                    
0000ffe6  __TI_int03                    
0000ffe8  __TI_int04                    
0000ffea  __TI_int05                    
0000ffec  __TI_int06                    
0000ffee  __TI_int07                    
0000fff0  __TI_int08                    
0000fff2  __TI_int09                    
0000fff4  __TI_int10                    
0000fff6  __TI_int11                    
0000fff8  __TI_int12                    
0000fffa  __TI_int13                    
0000fffc  __TI_int14                    
0000fffe  _reset_vector                 
ffffffff  __TI_pprof_out_hndl           
ffffffff  __TI_prof_data_size           
ffffffff  __TI_prof_data_start          
ffffffff  __c_args__                    

[310 symbols]
