******************************************************************************
                  MSP430 Linker PC v18.1.2                     
******************************************************************************
>> Linked Thu Nov  1 15:00:05 2018

OUTPUT FILE NAME:   <timing_switches.out>
ENTRY POINT SYMBOL: "_c_int00_noargs"  address: 00001dca


MEMORY CONFIGURATION

         name            origin    length      used     unused   attr    fill
----------------------  --------  ---------  --------  --------  ----  --------
  SFR                   00000000   00000010  00000000  00000010  RWIX
  PERIPHERALS_8BIT      00000010   000000f0  00000000  000000f0  RWIX
  PERIPHERALS_16BIT     00000100   00000100  00000000  00000100  RWIX
  RAM                   00000200   00000800  000000b4  0000074c  RWIX
  INFOB                 00001000   00000080  00000000  00000080  RWIX
  INFOA                 00001080   00000080  00000000  00000080  RWIX
  FLASH                 00001100   0000eee0  00000e70  0000e070  RWIX
  INT00                 0000ffe0   00000002  00000002  00000000  RWIX
  INT01                 0000ffe2   00000002  00000002  00000000  RWIX
  INT02                 0000ffe4   00000002  00000002  00000000  RWIX
  INT03                 0000ffe6   00000002  00000002  00000000  RWIX
  INT04                 0000ffe8   00000002  00000002  00000000  RWIX
  INT05                 0000ffea   00000002  00000002  00000000  RWIX
  INT06                 0000ffec   00000002  00000002  00000000  RWIX
  INT07                 0000ffee   00000002  00000002  00000000  RWIX
  INT08                 0000fff0   00000002  00000002  00000000  RWIX
  INT09                 0000fff2   00000002  00000002  00000000  RWIX
  INT10                 0000fff4   00000002  00000002  00000000  RWIX
  INT11                 0000fff6   00000002  00000002  00000000  RWIX
  INT12                 0000fff8   00000002  00000002  00000000  RWIX
  INT13                 0000fffa   00000002  00000002  00000000  RWIX
  INT14                 0000fffc   00000002  00000002  00000000  RWIX
  RESET                 0000fffe   00000002  00000002  00000000  RWIX


SECTION ALLOCATION MAP

 output                                  attributes/
section   page    origin      length       input sections
--------  ----  ----------  ----------   ----------------
.bss       0    00000250    0000000e     UNINITIALIZED
                  00000250    00000006     rts430_eabi.lib : memory.c.obj (.bss)
                  00000256    00000002     (.common:c)
                  00000258    00000002     (.common:timeValues)
                  0000025a    00000001     (.common:b)
                  0000025b    00000001     (.common:cursor)
                  0000025c    00000001     (.common:keyValue)
                  0000025d    00000001     (.common:status)

.data      0    0000025e    00000006     UNINITIALIZED
                  0000025e    00000002     rts430_eabi.lib : _lock.c.obj (.data:_lock)
                  00000260    00000002                     : _lock.c.obj (.data:_unlock)
                  00000262    00000002                     : memory.c.obj (.data)

.sysmem    0    00000200    00000050     UNINITIALIZED
                  00000200    00000004     rts430_eabi.lib : memory.c.obj (.sysmem)
                  00000204    0000004c     --HOLE--

.stack     0    000009b0    00000050     UNINITIALIZED
                  000009b0    00000002     rts430_eabi.lib : boot.c.obj (.stack)
                  000009b2    0000004e     --HOLE--

.text      0    00001100    00000da2     
                  00001100    000002de     main.obj (.text:UART0_RX_ISR)
                  000013de    0000023c     lcd12864.obj (.text:menu_01x)
                  0000161a    000000d8     main.obj (.text:main)
                  000016f2    000000c6     lcd12864.obj (.text:setCursor)
                  000017b8    000000b2     rts430_eabi.lib : memory.c.obj (.text:malloc)
                  0000186a    000000b2     handle.obj (.text:w2)
                  0000191c    0000007c     rts430_eabi.lib : copy_decompress_lzss.c.obj (.text:decompress:lzss:__TI_decompress_lzss)
                  00001998    0000006e     handle.obj (.text:r2)
                  00001a06    00000064     lcd12864.obj (.text:lcd12864_init)
                  00001a6a    00000054     handle.obj (.text:start2)
                  00001abe    0000004c     uart.obj (.text:UART_Init)
                  00001b0a    0000004c     rts430_eabi.lib : lsr16.asm.obj (.text)
                  00001b56    00000042                     : autoinit.c.obj (.text:__TI_auto_init_nobinit_nopinit:__TI_auto_init_nobinit_nopinit)
                  00001b98    00000042     handle.obj (.text:stop2)
                  00001bda    00000038     rts430_eabi.lib : memory.c.obj (.text:minit)
                  00001c12    00000036     lcd12864.obj (.text:lcd12864_wc)
                  00001c48    00000036     lcd12864.obj (.text:lcd12864_wd)
                  00001c7e    0000002e     timeConfig.obj (.text:Clock_Init)
                  00001cac    0000002e     handle.obj (.text:I2c_2_Read)
                  00001cda    0000002c     rts430_eabi.lib : asr16.asm.obj (.text)
                  00001d06    0000002c                     : div16s.asm.obj (.text)
                  00001d32    0000002c                     : lsl16.asm.obj (.text)
                  00001d5e    00000026     handle.obj (.text:I2c_2_Write)
                  00001d84    00000026     main.obj (.text:portInit)
                  00001daa    00000020     lcd12864.obj (.text:lcd12864_wstr)
                  00001dca    0000001c     rts430_eabi.lib : boot.c.obj (.text:_c_int00_noargs)
                  00001de6    00000016                     : div16u.asm.obj (.text)
                  00001dfc    00000014                     : copy_zero_init.c.obj (.text:decompress:ZI:__TI_zero_init_nomemset:__TI_zero_init_nomemset)
                  00001e10    00000012                     : copy_decompress_none.c.obj (.text:decompress:none:__TI_decompress_none)
                  00001e22    00000012     handle.obj (.text:jumpTo01x)
                  00001e34    00000012     rts430_eabi.lib : memcpy.c.obj (.text:memcpy)
                  00001e46    00000010     handle.obj (.text:Scl2)
                  00001e56    00000010     handle.obj (.text:Sda2)
                  00001e66    00000010     rts430_eabi.lib : epilog.asm.obj (.text)
                  00001e76    0000000e     handle.obj (.text:readAt)
                  00001e84    00000008     rts430_eabi.lib : isr_trap.asm.obj (.text:_isr:__TI_ISR_TRAP)
                  00001e8c    00000008     handle.obj (.text:writeAt)
                  00001e94    00000006     rts430_eabi.lib : exit.c.obj (.text:abort)
                  00001e9a    00000004                     : pre_init.c.obj (.text:_system_pre_init)
                  00001e9e    00000002                     : _lock.c.obj (.text:_nop)
                  00001ea0    00000002                     : startup.c.obj (.text:_system_post_cinit)

.const     0    00001ea2    000000b2     
                  00001ea2    00000062     lcd12864.obj (.const:.string)
                  00001f04    00000008     main.obj (.const:.string:$P$T0$1)
                  00001f0c    00000008     main.obj (.const:.string:$P$T1$2)
                  00001f14    00000008     main.obj (.const:.string:$P$T2$3)
                  00001f1c    00000008     main.obj (.const:.string:$P$T3$4)
                  00001f24    00000008     main.obj (.const:.string:$P$T4$5)
                  00001f2c    00000008     main.obj (.const:.string:$P$T5$6)
                  00001f34    00000008     main.obj (.const:.string:$P$T6$7)
                  00001f3c    00000008     main.obj (.const:.string:$P$T7$8)
                  00001f44    00000008     main.obj (.const:.string:$P$T8$9)
                  00001f4c    00000008     main.obj (.const:.string:$P$T9$10)

.cinit     0    00001f54    0000001c     
                  00001f54    0000000a     (.cinit..data.load) [load image]
                  00001f5e    00000006     (__TI_handler_table)
                  00001f64    00000004     (.cinit..bss.load) [load image, compression = zero_init]
                  00001f68    00000008     (__TI_cinit_table)

.binit     0    00001100    00000000     

.init_array 
*          0    00001100    00000000     UNINITIALIZED

DACDMA     0    0000ffe0    00000002     
                  0000ffe0    00000002     rts430_eabi.lib : int00.asm.obj (.int00)

PORT2      0    0000ffe2    00000002     
                  0000ffe2    00000002     rts430_eabi.lib : int01.asm.obj (.int01)

USART1TX   0    0000ffe4    00000002     
                  0000ffe4    00000002     rts430_eabi.lib : int02.asm.obj (.int02)

USART1RX   0    0000ffe6    00000002     
                  0000ffe6    00000002     rts430_eabi.lib : int03.asm.obj (.int03)

PORT1      0    0000ffe8    00000002     
                  0000ffe8    00000002     rts430_eabi.lib : int04.asm.obj (.int04)

TIMERA1    0    0000ffea    00000002     
                  0000ffea    00000002     rts430_eabi.lib : int05.asm.obj (.int05)

TIMERA0    0    0000ffec    00000002     
                  0000ffec    00000002     rts430_eabi.lib : int06.asm.obj (.int06)

ADC12      0    0000ffee    00000002     
                  0000ffee    00000002     rts430_eabi.lib : int07.asm.obj (.int07)

USART0TX   0    0000fff0    00000002     
                  0000fff0    00000002     rts430_eabi.lib : int08.asm.obj (.int08)

USART0RX   0    0000fff2    00000002     
                  0000fff2    00000002     main.obj (.int09)

WDT        0    0000fff4    00000002     
                  0000fff4    00000002     rts430_eabi.lib : int10.asm.obj (.int10)

COMPARATORA 
*          0    0000fff6    00000002     
                  0000fff6    00000002     rts430_eabi.lib : int11.asm.obj (.int11)

TIMERB1    0    0000fff8    00000002     
                  0000fff8    00000002     rts430_eabi.lib : int12.asm.obj (.int12)

TIMERB0    0    0000fffa    00000002     
                  0000fffa    00000002     rts430_eabi.lib : int13.asm.obj (.int13)

NMI        0    0000fffc    00000002     
                  0000fffc    00000002     rts430_eabi.lib : int14.asm.obj (.int14)

.reset     0    0000fffe    00000002     
                  0000fffe    00000002     rts430_eabi.lib : boot.c.obj (.reset)

MODULE SUMMARY

       Module                       code   ro data   rw data
       ------                       ----   -------   -------
    .\
       lcd12864.obj                 1010   98        0      
       main.obj                     988    82        0      
       handle.obj                   594    0         8      
       uart.obj                     76     0         0      
       timeConfig.obj               46     0         0      
    +--+----------------------------+------+---------+---------+
       Total:                       2714   180       8      
                                                            
    C:\ti\ccsv8\tools\compiler\ti-cgt-msp430_18.1.2.LTS\lib\rts430_eabi.lib
       memory.c.obj                 234    0         8      
       copy_decompress_lzss.c.obj   124    0         0      
       lsr16.asm.obj                76     0         0      
       autoinit.c.obj               66     0         0      
       asr16.asm.obj                44     0         0      
       div16s.asm.obj               44     0         0      
       lsl16.asm.obj                44     0         0      
       boot.c.obj                   28     2         0      
       div16u.asm.obj               22     0         0      
       copy_zero_init.c.obj         20     0         0      
       copy_decompress_none.c.obj   18     0         0      
       memcpy.c.obj                 18     0         0      
       epilog.asm.obj               16     0         0      
       isr_trap.asm.obj             8      0         0      
       _lock.c.obj                  2      0         4      
       exit.c.obj                   6      0         0      
       pre_init.c.obj               4      0         0      
       int00.asm.obj                0      2         0      
       int01.asm.obj                0      2         0      
       int02.asm.obj                0      2         0      
       int03.asm.obj                0      2         0      
       int04.asm.obj                0      2         0      
       int05.asm.obj                0      2         0      
       int06.asm.obj                0      2         0      
       int07.asm.obj                0      2         0      
       int08.asm.obj                0      2         0      
       int10.asm.obj                0      2         0      
       int11.asm.obj                0      2         0      
       int12.asm.obj                0      2         0      
       int13.asm.obj                0      2         0      
       int14.asm.obj                0      2         0      
       startup.c.obj                2      0         0      
    +--+----------------------------+------+---------+---------+
       Total:                       776    30        12     
                                                            
       Heap:                        0      0         80     
       Stack:                       0      0         80     
       Linker Generated:            0      28        0      
    +--+----------------------------+------+---------+---------+
       Grand Total:                 3490   238       180    


LINKER GENERATED COPY TABLES

__TI_cinit_table @ 00001f68 records: 2, size/record: 4, table size: 8
	.data: load addr=00001f54, load size=0000000a bytes, run addr=0000025e, run size=00000006 bytes, compression=copy
	.bss: load addr=00001f64, load size=00000004 bytes, run addr=00000250, run size=0000000e bytes, compression=zero_init


LINKER GENERATED HANDLER TABLE

__TI_handler_table @ 00001f5e records: 3, size/record: 2, table size: 6
	index: 0, handler: __TI_zero_init
	index: 1, handler: __TI_decompress_lzss
	index: 2, handler: __TI_decompress_none


GLOBAL SYMBOLS: SORTED ALPHABETICALLY BY Name 

address   name                          
-------   ----                          
000001a0  ADC12CTL0                     
000001a2  ADC12CTL1                     
000001a6  ADC12IE                       
000001a4  ADC12IFG                      
000001a8  ADC12IV                       
00000080  ADC12MCTL0                    
00000081  ADC12MCTL1                    
0000008a  ADC12MCTL10                   
0000008b  ADC12MCTL11                   
0000008c  ADC12MCTL12                   
0000008d  ADC12MCTL13                   
0000008e  ADC12MCTL14                   
0000008f  ADC12MCTL15                   
00000082  ADC12MCTL2                    
00000083  ADC12MCTL3                    
00000084  ADC12MCTL4                    
00000085  ADC12MCTL5                    
00000086  ADC12MCTL6                    
00000087  ADC12MCTL7                    
00000088  ADC12MCTL8                    
00000089  ADC12MCTL9                    
00000140  ADC12MEM0                     
00000142  ADC12MEM1                     
00000154  ADC12MEM10                    
00000156  ADC12MEM11                    
00000158  ADC12MEM12                    
0000015a  ADC12MEM13                    
0000015c  ADC12MEM14                    
0000015e  ADC12MEM15                    
00000144  ADC12MEM2                     
00000146  ADC12MEM3                     
00000148  ADC12MEM4                     
0000014a  ADC12MEM5                     
0000014c  ADC12MEM6                     
0000014e  ADC12MEM7                     
00000150  ADC12MEM8                     
00000152  ADC12MEM9                     
00000057  BCSCTL1                       
00000058  BCSCTL2                       
00001e94  C$$EXIT                       
00000059  CACTL1                        
0000005a  CACTL2                        
0000005b  CAPD                          
00001c7e  Clock_Init                    
000001c0  DAC12_0CTL                    
000001c8  DAC12_0DAT                    
000001c2  DAC12_1CTL                    
000001ca  DAC12_1DAT                    
00000056  DCOCTL                        
000001e0  DMA0CTL                       
000001e4  DMA0DA                        
000001e2  DMA0SA                        
000001e6  DMA0SZ                        
000001e8  DMA1CTL                       
000001ec  DMA1DA                        
000001ea  DMA1SA                        
000001ee  DMA1SZ                        
000001f0  DMA2CTL                       
000001f4  DMA2DA                        
000001f2  DMA2SA                        
000001f6  DMA2SZ                        
00000122  DMACTL0                       
00000124  DMACTL1                       
00000128  FCTL1                         
0000012a  FCTL2                         
0000012c  FCTL3                         
00000072  I2CDCTL                       
00000076  I2CDRB                        
00000076  I2CDRW                        
00000050  I2CIE                         
00000051  I2CIFG                        
0000011c  I2CIV                         
00000052  I2CNDAT                       
00000118  I2COA                         
00000073  I2CPSC                        
0000011a  I2CSA                         
00000074  I2CSCLH                       
00000075  I2CSCLL                       
00000071  I2CTCTL                       
00001cac  I2c_2_Read                    
00001d5e  I2c_2_Write                   
00000000  IE1                           
00000001  IE2                           
00000002  IFG1                          
00000003  IFG2                          
00000134  MAC                           
00000136  MACS                          
00000004  ME1                           
00000005  ME2                           
00000130  MPY                           
00000132  MPYS                          
00000138  OP2                           
00000022  P1DIR                         
00000025  P1IE                          
00000024  P1IES                         
00000023  P1IFG                         
00000020  P1IN                          
00000021  P1OUT                         
00000026  P1SEL                         
0000002a  P2DIR                         
0000002d  P2IE                          
0000002c  P2IES                         
0000002b  P2IFG                         
00000028  P2IN                          
00000029  P2OUT                         
0000002e  P2SEL                         
0000001a  P3DIR                         
00000018  P3IN                          
00000019  P3OUT                         
0000001b  P3SEL                         
0000001e  P4DIR                         
0000001c  P4IN                          
0000001d  P4OUT                         
0000001f  P4SEL                         
00000032  P5DIR                         
00000030  P5IN                          
00000031  P5OUT                         
00000033  P5SEL                         
00000036  P6DIR                         
00000034  P6IN                          
00000035  P6OUT                         
00000037  P6SEL                         
0000013c  RESHI                         
0000013a  RESLO                         
0000013e  SUMEXT                        
00000055  SVSCTL                        
00001e46  Scl2                          
00001e56  Sda2                          
00000172  TACCR0                        
00000174  TACCR1                        
00000176  TACCR2                        
00000162  TACCTL0                       
00000164  TACCTL1                       
00000166  TACCTL2                       
00000160  TACTL                         
0000012e  TAIV                          
00000170  TAR                           
00000192  TBCCR0                        
00000194  TBCCR1                        
00000196  TBCCR2                        
00000198  TBCCR3                        
0000019a  TBCCR4                        
0000019c  TBCCR5                        
0000019e  TBCCR6                        
00000182  TBCCTL0                       
00000184  TBCCTL1                       
00000186  TBCCTL2                       
00000188  TBCCTL3                       
0000018a  TBCCTL4                       
0000018c  TBCCTL5                       
0000018e  TBCCTL6                       
00000180  TBCTL                         
0000011e  TBIV                          
00000190  TBR                           
00000074  U0BR0                         
00000075  U0BR1                         
00000070  U0CTL                         
00000073  U0MCTL                        
00000072  U0RCTL                        
00000076  U0RXBUF                       
00000071  U0TCTL                        
00000077  U0TXBUF                       
0000007c  U1BR0                         
0000007d  U1BR1                         
00000078  U1CTL                         
0000007b  U1MCTL                        
0000007a  U1RCTL                        
0000007e  U1RXBUF                       
00000079  U1TCTL                        
0000007f  U1TXBUF                       
00001100  UART0_RX_ISR                  
00001abe  UART_Init                     
00000120  WDTCTL                        
00000a00  __STACK_END                   
00000050  __STACK_SIZE                  
00000050  __SYSMEM_SIZE                 
00001f68  __TI_CINIT_Base               
00001f70  __TI_CINIT_Limit              
00001f5e  __TI_Handler_Table_Base       
00001f64  __TI_Handler_Table_Limit      
00001e84  __TI_ISR_TRAP                 
00001b56  __TI_auto_init_nobinit_nopinit
0000191c  __TI_decompress_lzss          
00001e10  __TI_decompress_none          
0000ffe0  __TI_int00                    
0000ffe2  __TI_int01                    
0000ffe4  __TI_int02                    
0000ffe6  __TI_int03                    
0000ffe8  __TI_int04                    
0000ffea  __TI_int05                    
0000ffec  __TI_int06                    
0000ffee  __TI_int07                    
0000fff0  __TI_int08                    
0000fff2  __TI_int09                    
0000fff4  __TI_int10                    
0000fff6  __TI_int11                    
0000fff8  __TI_int12                    
0000fffa  __TI_int13                    
0000fffc  __TI_int14                    
ffffffff  __TI_pprof_out_hndl           
ffffffff  __TI_prof_data_size           
ffffffff  __TI_prof_data_start          
00001dfc  __TI_zero_init_nomemset       
ffffffff  __c_args__                    
00001d06  __mspabi_divi                 
00001de6  __mspabi_divu                 
00001e72  __mspabi_func_epilog_1        
00001e70  __mspabi_func_epilog_2        
00001e6e  __mspabi_func_epilog_3        
00001e6c  __mspabi_func_epilog_4        
00001e6a  __mspabi_func_epilog_5        
00001e68  __mspabi_func_epilog_6        
00001e66  __mspabi_func_epilog_7        
00001d06  __mspabi_remi                 
00001de6  __mspabi_remu                 
00001d32  __mspabi_slli                 
00001d5a  __mspabi_slli_1               
00001d48  __mspabi_slli_10              
00001d46  __mspabi_slli_11              
00001d44  __mspabi_slli_12              
00001d42  __mspabi_slli_13              
00001d40  __mspabi_slli_14              
00001d3e  __mspabi_slli_15              
00001d58  __mspabi_slli_2               
00001d56  __mspabi_slli_3               
00001d54  __mspabi_slli_4               
00001d52  __mspabi_slli_5               
00001d50  __mspabi_slli_6               
00001d4e  __mspabi_slli_7               
00001d4c  __mspabi_slli_8               
00001d4a  __mspabi_slli_9               
00001cda  __mspabi_srai                 
00001d02  __mspabi_srai_1               
00001cf0  __mspabi_srai_10              
00001cee  __mspabi_srai_11              
00001cec  __mspabi_srai_12              
00001cea  __mspabi_srai_13              
00001ce8  __mspabi_srai_14              
00001ce6  __mspabi_srai_15              
00001d00  __mspabi_srai_2               
00001cfe  __mspabi_srai_3               
00001cfc  __mspabi_srai_4               
00001cfa  __mspabi_srai_5               
00001cf8  __mspabi_srai_6               
00001cf6  __mspabi_srai_7               
00001cf4  __mspabi_srai_8               
00001cf2  __mspabi_srai_9               
00001b0a  __mspabi_srli                 
00001b50  __mspabi_srli_1               
00001b2c  __mspabi_srli_10              
00001b28  __mspabi_srli_11              
00001b24  __mspabi_srli_12              
00001b20  __mspabi_srli_13              
00001b1c  __mspabi_srli_14              
00001b18  __mspabi_srli_15              
00001b4c  __mspabi_srli_2               
00001b48  __mspabi_srli_3               
00001b44  __mspabi_srli_4               
00001b40  __mspabi_srli_5               
00001b3c  __mspabi_srli_6               
00001b38  __mspabi_srli_7               
00001b34  __mspabi_srli_8               
00001b30  __mspabi_srli_9               
00001dca  _c_int00_noargs               
0000025e  _lock                         
00001e9e  _nop                          
0000fffe  _reset_vector                 
000009b0  _stack                        
00000200  _sys_memory                   
00001ea0  _system_post_cinit            
00001e9a  _system_pre_init              
00000260  _unlock                       
00001e94  abort                         
0000025a  b                             
00000256  c                             
0000025b  cursor                        
00001e22  jumpTo01x                     
0000025c  keyValue                      
00001a06  lcd12864_init                 
00001c12  lcd12864_wc                   
00001c48  lcd12864_wd                   
00001daa  lcd12864_wstr                 
0000161a  main                          
000017b8  malloc                        
00001e34  memcpy                        
000013de  menu_01x                      
00001bda  minit                         
00001d84  portInit                      
00001998  r2                            
00001e76  readAt                        
000016f2  setCursor                     
00001a6a  start2                        
0000025d  status                        
00001b98  stop2                         
00000258  timeValues                    
0000186a  w2                            
00001e8c  writeAt                       


GLOBAL SYMBOLS: SORTED BY Symbol Address 

address   name                          
-------   ----                          
00000000  IE1                           
00000001  IE2                           
00000002  IFG1                          
00000003  IFG2                          
00000004  ME1                           
00000005  ME2                           
00000018  P3IN                          
00000019  P3OUT                         
0000001a  P3DIR                         
0000001b  P3SEL                         
0000001c  P4IN                          
0000001d  P4OUT                         
0000001e  P4DIR                         
0000001f  P4SEL                         
00000020  P1IN                          
00000021  P1OUT                         
00000022  P1DIR                         
00000023  P1IFG                         
00000024  P1IES                         
00000025  P1IE                          
00000026  P1SEL                         
00000028  P2IN                          
00000029  P2OUT                         
0000002a  P2DIR                         
0000002b  P2IFG                         
0000002c  P2IES                         
0000002d  P2IE                          
0000002e  P2SEL                         
00000030  P5IN                          
00000031  P5OUT                         
00000032  P5DIR                         
00000033  P5SEL                         
00000034  P6IN                          
00000035  P6OUT                         
00000036  P6DIR                         
00000037  P6SEL                         
00000050  I2CIE                         
00000050  __STACK_SIZE                  
00000050  __SYSMEM_SIZE                 
00000051  I2CIFG                        
00000052  I2CNDAT                       
00000055  SVSCTL                        
00000056  DCOCTL                        
00000057  BCSCTL1                       
00000058  BCSCTL2                       
00000059  CACTL1                        
0000005a  CACTL2                        
0000005b  CAPD                          
00000070  U0CTL                         
00000071  I2CTCTL                       
00000071  U0TCTL                        
00000072  I2CDCTL                       
00000072  U0RCTL                        
00000073  I2CPSC                        
00000073  U0MCTL                        
00000074  I2CSCLH                       
00000074  U0BR0                         
00000075  I2CSCLL                       
00000075  U0BR1                         
00000076  I2CDRB                        
00000076  I2CDRW                        
00000076  U0RXBUF                       
00000077  U0TXBUF                       
00000078  U1CTL                         
00000079  U1TCTL                        
0000007a  U1RCTL                        
0000007b  U1MCTL                        
0000007c  U1BR0                         
0000007d  U1BR1                         
0000007e  U1RXBUF                       
0000007f  U1TXBUF                       
00000080  ADC12MCTL0                    
00000081  ADC12MCTL1                    
00000082  ADC12MCTL2                    
00000083  ADC12MCTL3                    
00000084  ADC12MCTL4                    
00000085  ADC12MCTL5                    
00000086  ADC12MCTL6                    
00000087  ADC12MCTL7                    
00000088  ADC12MCTL8                    
00000089  ADC12MCTL9                    
0000008a  ADC12MCTL10                   
0000008b  ADC12MCTL11                   
0000008c  ADC12MCTL12                   
0000008d  ADC12MCTL13                   
0000008e  ADC12MCTL14                   
0000008f  ADC12MCTL15                   
00000118  I2COA                         
0000011a  I2CSA                         
0000011c  I2CIV                         
0000011e  TBIV                          
00000120  WDTCTL                        
00000122  DMACTL0                       
00000124  DMACTL1                       
00000128  FCTL1                         
0000012a  FCTL2                         
0000012c  FCTL3                         
0000012e  TAIV                          
00000130  MPY                           
00000132  MPYS                          
00000134  MAC                           
00000136  MACS                          
00000138  OP2                           
0000013a  RESLO                         
0000013c  RESHI                         
0000013e  SUMEXT                        
00000140  ADC12MEM0                     
00000142  ADC12MEM1                     
00000144  ADC12MEM2                     
00000146  ADC12MEM3                     
00000148  ADC12MEM4                     
0000014a  ADC12MEM5                     
0000014c  ADC12MEM6                     
0000014e  ADC12MEM7                     
00000150  ADC12MEM8                     
00000152  ADC12MEM9                     
00000154  ADC12MEM10                    
00000156  ADC12MEM11                    
00000158  ADC12MEM12                    
0000015a  ADC12MEM13                    
0000015c  ADC12MEM14                    
0000015e  ADC12MEM15                    
00000160  TACTL                         
00000162  TACCTL0                       
00000164  TACCTL1                       
00000166  TACCTL2                       
00000170  TAR                           
00000172  TACCR0                        
00000174  TACCR1                        
00000176  TACCR2                        
00000180  TBCTL                         
00000182  TBCCTL0                       
00000184  TBCCTL1                       
00000186  TBCCTL2                       
00000188  TBCCTL3                       
0000018a  TBCCTL4                       
0000018c  TBCCTL5                       
0000018e  TBCCTL6                       
00000190  TBR                           
00000192  TBCCR0                        
00000194  TBCCR1                        
00000196  TBCCR2                        
00000198  TBCCR3                        
0000019a  TBCCR4                        
0000019c  TBCCR5                        
0000019e  TBCCR6                        
000001a0  ADC12CTL0                     
000001a2  ADC12CTL1                     
000001a4  ADC12IFG                      
000001a6  ADC12IE                       
000001a8  ADC12IV                       
000001c0  DAC12_0CTL                    
000001c2  DAC12_1CTL                    
000001c8  DAC12_0DAT                    
000001ca  DAC12_1DAT                    
000001e0  DMA0CTL                       
000001e2  DMA0SA                        
000001e4  DMA0DA                        
000001e6  DMA0SZ                        
000001e8  DMA1CTL                       
000001ea  DMA1SA                        
000001ec  DMA1DA                        
000001ee  DMA1SZ                        
000001f0  DMA2CTL                       
000001f2  DMA2SA                        
000001f4  DMA2DA                        
000001f6  DMA2SZ                        
00000200  _sys_memory                   
00000256  c                             
00000258  timeValues                    
0000025a  b                             
0000025b  cursor                        
0000025c  keyValue                      
0000025d  status                        
0000025e  _lock                         
00000260  _unlock                       
000009b0  _stack                        
00000a00  __STACK_END                   
00001100  UART0_RX_ISR                  
000013de  menu_01x                      
0000161a  main                          
000016f2  setCursor                     
000017b8  malloc                        
0000186a  w2                            
0000191c  __TI_decompress_lzss          
00001998  r2                            
00001a06  lcd12864_init                 
00001a6a  start2                        
00001abe  UART_Init                     
00001b0a  __mspabi_srli                 
00001b18  __mspabi_srli_15              
00001b1c  __mspabi_srli_14              
00001b20  __mspabi_srli_13              
00001b24  __mspabi_srli_12              
00001b28  __mspabi_srli_11              
00001b2c  __mspabi_srli_10              
00001b30  __mspabi_srli_9               
00001b34  __mspabi_srli_8               
00001b38  __mspabi_srli_7               
00001b3c  __mspabi_srli_6               
00001b40  __mspabi_srli_5               
00001b44  __mspabi_srli_4               
00001b48  __mspabi_srli_3               
00001b4c  __mspabi_srli_2               
00001b50  __mspabi_srli_1               
00001b56  __TI_auto_init_nobinit_nopinit
00001b98  stop2                         
00001bda  minit                         
00001c12  lcd12864_wc                   
00001c48  lcd12864_wd                   
00001c7e  Clock_Init                    
00001cac  I2c_2_Read                    
00001cda  __mspabi_srai                 
00001ce6  __mspabi_srai_15              
00001ce8  __mspabi_srai_14              
00001cea  __mspabi_srai_13              
00001cec  __mspabi_srai_12              
00001cee  __mspabi_srai_11              
00001cf0  __mspabi_srai_10              
00001cf2  __mspabi_srai_9               
00001cf4  __mspabi_srai_8               
00001cf6  __mspabi_srai_7               
00001cf8  __mspabi_srai_6               
00001cfa  __mspabi_srai_5               
00001cfc  __mspabi_srai_4               
00001cfe  __mspabi_srai_3               
00001d00  __mspabi_srai_2               
00001d02  __mspabi_srai_1               
00001d06  __mspabi_divi                 
00001d06  __mspabi_remi                 
00001d32  __mspabi_slli                 
00001d3e  __mspabi_slli_15              
00001d40  __mspabi_slli_14              
00001d42  __mspabi_slli_13              
00001d44  __mspabi_slli_12              
00001d46  __mspabi_slli_11              
00001d48  __mspabi_slli_10              
00001d4a  __mspabi_slli_9               
00001d4c  __mspabi_slli_8               
00001d4e  __mspabi_slli_7               
00001d50  __mspabi_slli_6               
00001d52  __mspabi_slli_5               
00001d54  __mspabi_slli_4               
00001d56  __mspabi_slli_3               
00001d58  __mspabi_slli_2               
00001d5a  __mspabi_slli_1               
00001d5e  I2c_2_Write                   
00001d84  portInit                      
00001daa  lcd12864_wstr                 
00001dca  _c_int00_noargs               
00001de6  __mspabi_divu                 
00001de6  __mspabi_remu                 
00001dfc  __TI_zero_init_nomemset       
00001e10  __TI_decompress_none          
00001e22  jumpTo01x                     
00001e34  memcpy                        
00001e46  Scl2                          
00001e56  Sda2                          
00001e66  __mspabi_func_epilog_7        
00001e68  __mspabi_func_epilog_6        
00001e6a  __mspabi_func_epilog_5        
00001e6c  __mspabi_func_epilog_4        
00001e6e  __mspabi_func_epilog_3        
00001e70  __mspabi_func_epilog_2        
00001e72  __mspabi_func_epilog_1        
00001e76  readAt                        
00001e84  __TI_ISR_TRAP                 
00001e8c  writeAt                       
00001e94  C$$EXIT                       
00001e94  abort                         
00001e9a  _system_pre_init              
00001e9e  _nop                          
00001ea0  _system_post_cinit            
00001f5e  __TI_Handler_Table_Base       
00001f64  __TI_Handler_Table_Limit      
00001f68  __TI_CINIT_Base               
00001f70  __TI_CINIT_Limit              
0000ffe0  __TI_int00                    
0000ffe2  __TI_int01                    
0000ffe4  __TI_int02                    
0000ffe6  __TI_int03                    
0000ffe8  __TI_int04                    
0000ffea  __TI_int05                    
0000ffec  __TI_int06                    
0000ffee  __TI_int07                    
0000fff0  __TI_int08                    
0000fff2  __TI_int09                    
0000fff4  __TI_int10                    
0000fff6  __TI_int11                    
0000fff8  __TI_int12                    
0000fffa  __TI_int13                    
0000fffc  __TI_int14                    
0000fffe  _reset_vector                 
ffffffff  __TI_pprof_out_hndl           
ffffffff  __TI_prof_data_size           
ffffffff  __TI_prof_data_start          
ffffffff  __c_args__                    

[297 symbols]
