******************************************************************************
                  MSP430 Linker PC v18.1.2                     
******************************************************************************
>> Linked Sat Nov  3 21:42:22 2018

OUTPUT FILE NAME:   <Qizhong_test.out>
ENTRY POINT SYMBOL: "_c_int00_noargs"  address: 00001662


MEMORY CONFIGURATION

         name            origin    length      used     unused   attr    fill
----------------------  --------  ---------  --------  --------  ----  --------
  SFR                   00000000   00000010  00000000  00000010  RWIX
  PERIPHERALS_8BIT      00000010   000000f0  00000000  000000f0  RWIX
  PERIPHERALS_16BIT     00000100   00000100  00000000  00000100  RWIX
  RAM                   00000200   00000800  000000b2  0000074e  RWIX
  INFOB                 00001000   00000080  00000000  00000080  RWIX
  INFOA                 00001080   00000080  00000000  00000080  RWIX
  FLASH                 00001100   0000eee0  0000060a  0000e8d6  RWIX
  INT00                 0000ffe0   00000002  00000002  00000000  RWIX
  INT01                 0000ffe2   00000002  00000002  00000000  RWIX
  INT02                 0000ffe4   00000002  00000002  00000000  RWIX
  INT03                 0000ffe6   00000002  00000002  00000000  RWIX
  INT04                 0000ffe8   00000002  00000002  00000000  RWIX
  INT05                 0000ffea   00000002  00000002  00000000  RWIX
  INT06                 0000ffec   00000002  00000002  00000000  RWIX
  INT07                 0000ffee   00000002  00000002  00000000  RWIX
  INT08                 0000fff0   00000002  00000002  00000000  RWIX
  INT09                 0000fff2   00000002  00000002  00000000  RWIX
  INT10                 0000fff4   00000002  00000002  00000000  RWIX
  INT11                 0000fff6   00000002  00000002  00000000  RWIX
  INT12                 0000fff8   00000002  00000002  00000000  RWIX
  INT13                 0000fffa   00000002  00000002  00000000  RWIX
  INT14                 0000fffc   00000002  00000002  00000000  RWIX
  RESET                 0000fffe   00000002  00000002  00000000  RWIX


SECTION ALLOCATION MAP

 output                                  attributes/
section   page    origin      length       input sections
--------  ----  ----------  ----------   ----------------
.bss       0    00000250    0000000a     UNINITIALIZED
                  00000250    00000006     rts430_eabi.lib : memory.c.obj (.bss)
                  00000256    00000002     (.common:rx)
                  00000258    00000002     (.common:tx)

.data      0    0000025a    00000008     UNINITIALIZED
                  0000025a    00000002     rts430_eabi.lib : _lock.c.obj (.data:_lock)
                  0000025c    00000002                     : _lock.c.obj (.data:_unlock)
                  0000025e    00000002     main.obj (.data)
                  00000260    00000002     rts430_eabi.lib : memory.c.obj (.data)

.sysmem    0    00000200    00000050     UNINITIALIZED
                  00000200    00000004     rts430_eabi.lib : memory.c.obj (.sysmem)
                  00000204    0000004c     --HOLE--

.stack     0    000009b0    00000050     UNINITIALIZED
                  000009b0    00000002     rts430_eabi.lib : boot.c.obj (.stack)
                  000009b2    0000004e     --HOLE--

.text      0    00001100    000005ec     
                  00001100    000000b2     rts430_eabi.lib : memory.c.obj (.text:malloc)
                  000011b2    000000aa     main.obj (.text:main)
                  0000125c    0000007c     rts430_eabi.lib : copy_decompress_lzss.c.obj (.text:decompress:lzss:__TI_decompress_lzss)
                  000012d8    00000074     main.obj (.text:findPressed)
                  0000134c    00000072     main.obj (.text:init1602)
                  000013be    0000004e     main.obj (.text:UART0_RX_ISR)
                  0000140c    0000004e     main.obj (.text:display)
                  0000145a    0000004c     rts430_eabi.lib : lsr16.asm.obj (.text)
                  000014a6    0000004a     main.obj (.text:UART_Init)
                  000014f0    00000042     rts430_eabi.lib : autoinit.c.obj (.text:__TI_auto_init_nobinit_nopinit:__TI_auto_init_nobinit_nopinit)
                  00001532    00000038                     : memory.c.obj (.text:minit)
                  0000156a    0000002e     main.obj (.text:Clock_Init)
                  00001598    0000002c     rts430_eabi.lib : asr16.asm.obj (.text)
                  000015c4    0000002c                     : lsl16.asm.obj (.text)
                  000015f0    0000002a     main.obj (.text:wc)
                  0000161a    0000002a     main.obj (.text:wd)
                  00001644    0000001e     main.obj (.text:intInit)
                  00001662    0000001c     rts430_eabi.lib : boot.c.obj (.text:_c_int00_noargs)
                  0000167e    00000014                     : copy_zero_init.c.obj (.text:decompress:ZI:__TI_zero_init_nomemset:__TI_zero_init_nomemset)
                  00001692    00000012                     : copy_decompress_none.c.obj (.text:decompress:none:__TI_decompress_none)
                  000016a4    00000012                     : memcpy.c.obj (.text:memcpy)
                  000016b6    00000010                     : epilog.asm.obj (.text)
                  000016c6    0000000e     main.obj (.text:Send_Byte)
                  000016d4    00000008     rts430_eabi.lib : isr_trap.asm.obj (.text:_isr:__TI_ISR_TRAP)
                  000016dc    00000006                     : exit.c.obj (.text:abort)
                  000016e2    00000004                     : pre_init.c.obj (.text:_system_pre_init)
                  000016e6    00000002     main.obj (.text:Port1_ISR)
                  000016e8    00000002     rts430_eabi.lib : _lock.c.obj (.text:_nop)
                  000016ea    00000002                     : startup.c.obj (.text:_system_post_cinit)

.cinit     0    000016ec    0000001e     
                  000016ec    0000000c     (.cinit..data.load) [load image]
                  000016f8    00000006     (__TI_handler_table)
                  000016fe    00000004     (.cinit..bss.load) [load image, compression = zero_init]
                  00001702    00000008     (__TI_cinit_table)

.binit     0    00001100    00000000     

.init_array 
*          0    00001100    00000000     UNINITIALIZED

DACDMA     0    0000ffe0    00000002     
                  0000ffe0    00000002     rts430_eabi.lib : int00.asm.obj (.int00)

PORT2      0    0000ffe2    00000002     
                  0000ffe2    00000002     rts430_eabi.lib : int01.asm.obj (.int01)

USART1TX   0    0000ffe4    00000002     
                  0000ffe4    00000002     rts430_eabi.lib : int02.asm.obj (.int02)

USART1RX   0    0000ffe6    00000002     
                  0000ffe6    00000002     rts430_eabi.lib : int03.asm.obj (.int03)

PORT1      0    0000ffe8    00000002     
                  0000ffe8    00000002     main.obj (.int04)

TIMERA1    0    0000ffea    00000002     
                  0000ffea    00000002     rts430_eabi.lib : int05.asm.obj (.int05)

TIMERA0    0    0000ffec    00000002     
                  0000ffec    00000002     rts430_eabi.lib : int06.asm.obj (.int06)

ADC12      0    0000ffee    00000002     
                  0000ffee    00000002     rts430_eabi.lib : int07.asm.obj (.int07)

USART0TX   0    0000fff0    00000002     
                  0000fff0    00000002     rts430_eabi.lib : int08.asm.obj (.int08)

USART0RX   0    0000fff2    00000002     
                  0000fff2    00000002     main.obj (.int09)

WDT        0    0000fff4    00000002     
                  0000fff4    00000002     rts430_eabi.lib : int10.asm.obj (.int10)

COMPARATORA 
*          0    0000fff6    00000002     
                  0000fff6    00000002     rts430_eabi.lib : int11.asm.obj (.int11)

TIMERB1    0    0000fff8    00000002     
                  0000fff8    00000002     rts430_eabi.lib : int12.asm.obj (.int12)

TIMERB0    0    0000fffa    00000002     
                  0000fffa    00000002     rts430_eabi.lib : int13.asm.obj (.int13)

NMI        0    0000fffc    00000002     
                  0000fffc    00000002     rts430_eabi.lib : int14.asm.obj (.int14)

.reset     0    0000fffe    00000002     
                  0000fffe    00000002     rts430_eabi.lib : boot.c.obj (.reset)

MODULE SUMMARY

       Module                       code   ro data   rw data
       ------                       ----   -------   -------
    .\
       main.obj                     806    4         6      
    +--+----------------------------+------+---------+---------+
       Total:                       806    4         6      
                                                            
    C:\ti\ccsv8\tools\compiler\ti-cgt-msp430_18.1.2.LTS\lib\rts430_eabi.lib
       memory.c.obj                 234    0         8      
       copy_decompress_lzss.c.obj   124    0         0      
       lsr16.asm.obj                76     0         0      
       autoinit.c.obj               66     0         0      
       asr16.asm.obj                44     0         0      
       lsl16.asm.obj                44     0         0      
       boot.c.obj                   28     2         0      
       copy_zero_init.c.obj         20     0         0      
       copy_decompress_none.c.obj   18     0         0      
       memcpy.c.obj                 18     0         0      
       epilog.asm.obj               16     0         0      
       isr_trap.asm.obj             8      0         0      
       _lock.c.obj                  2      0         4      
       exit.c.obj                   6      0         0      
       pre_init.c.obj               4      0         0      
       int00.asm.obj                0      2         0      
       int01.asm.obj                0      2         0      
       int02.asm.obj                0      2         0      
       int03.asm.obj                0      2         0      
       int05.asm.obj                0      2         0      
       int06.asm.obj                0      2         0      
       int07.asm.obj                0      2         0      
       int08.asm.obj                0      2         0      
       int10.asm.obj                0      2         0      
       int11.asm.obj                0      2         0      
       int12.asm.obj                0      2         0      
       int13.asm.obj                0      2         0      
       int14.asm.obj                0      2         0      
       startup.c.obj                2      0         0      
    +--+----------------------------+------+---------+---------+
       Total:                       710    28        12     
                                                            
       Heap:                        0      0         80     
       Stack:                       0      0         80     
       Linker Generated:            0      30        0      
    +--+----------------------------+------+---------+---------+
       Grand Total:                 1516   62        178    


LINKER GENERATED COPY TABLES

__TI_cinit_table @ 00001702 records: 2, size/record: 4, table size: 8
	.data: load addr=000016ec, load size=0000000c bytes, run addr=0000025a, run size=00000008 bytes, compression=copy
	.bss: load addr=000016fe, load size=00000004 bytes, run addr=00000250, run size=0000000a bytes, compression=zero_init


LINKER GENERATED HANDLER TABLE

__TI_handler_table @ 000016f8 records: 3, size/record: 2, table size: 6
	index: 0, handler: __TI_zero_init
	index: 1, handler: __TI_decompress_lzss
	index: 2, handler: __TI_decompress_none


GLOBAL SYMBOLS: SORTED ALPHABETICALLY BY Name 

address   name                          
-------   ----                          
000001a0  ADC12CTL0                     
000001a2  ADC12CTL1                     
000001a6  ADC12IE                       
000001a4  ADC12IFG                      
000001a8  ADC12IV                       
00000080  ADC12MCTL0                    
00000081  ADC12MCTL1                    
0000008a  ADC12MCTL10                   
0000008b  ADC12MCTL11                   
0000008c  ADC12MCTL12                   
0000008d  ADC12MCTL13                   
0000008e  ADC12MCTL14                   
0000008f  ADC12MCTL15                   
00000082  ADC12MCTL2                    
00000083  ADC12MCTL3                    
00000084  ADC12MCTL4                    
00000085  ADC12MCTL5                    
00000086  ADC12MCTL6                    
00000087  ADC12MCTL7                    
00000088  ADC12MCTL8                    
00000089  ADC12MCTL9                    
00000140  ADC12MEM0                     
00000142  ADC12MEM1                     
00000154  ADC12MEM10                    
00000156  ADC12MEM11                    
00000158  ADC12MEM12                    
0000015a  ADC12MEM13                    
0000015c  ADC12MEM14                    
0000015e  ADC12MEM15                    
00000144  ADC12MEM2                     
00000146  ADC12MEM3                     
00000148  ADC12MEM4                     
0000014a  ADC12MEM5                     
0000014c  ADC12MEM6                     
0000014e  ADC12MEM7                     
00000150  ADC12MEM8                     
00000152  ADC12MEM9                     
00000057  BCSCTL1                       
00000058  BCSCTL2                       
000016dc  C$$EXIT                       
00000059  CACTL1                        
0000005a  CACTL2                        
0000005b  CAPD                          
0000156a  Clock_Init                    
000001c0  DAC12_0CTL                    
000001c8  DAC12_0DAT                    
000001c2  DAC12_1CTL                    
000001ca  DAC12_1DAT                    
00000056  DCOCTL                        
000001e0  DMA0CTL                       
000001e4  DMA0DA                        
000001e2  DMA0SA                        
000001e6  DMA0SZ                        
000001e8  DMA1CTL                       
000001ec  DMA1DA                        
000001ea  DMA1SA                        
000001ee  DMA1SZ                        
000001f0  DMA2CTL                       
000001f4  DMA2DA                        
000001f2  DMA2SA                        
000001f6  DMA2SZ                        
00000122  DMACTL0                       
00000124  DMACTL1                       
00000128  FCTL1                         
0000012a  FCTL2                         
0000012c  FCTL3                         
00000072  I2CDCTL                       
00000076  I2CDRB                        
00000076  I2CDRW                        
00000050  I2CIE                         
00000051  I2CIFG                        
0000011c  I2CIV                         
00000052  I2CNDAT                       
00000118  I2COA                         
00000073  I2CPSC                        
0000011a  I2CSA                         
00000074  I2CSCLH                       
00000075  I2CSCLL                       
00000071  I2CTCTL                       
00000000  IE1                           
00000001  IE2                           
00000002  IFG1                          
00000003  IFG2                          
00000134  MAC                           
00000136  MACS                          
00000004  ME1                           
00000005  ME2                           
00000130  MPY                           
00000132  MPYS                          
00000138  OP2                           
00000022  P1DIR                         
00000025  P1IE                          
00000024  P1IES                         
00000023  P1IFG                         
00000020  P1IN                          
00000021  P1OUT                         
00000026  P1SEL                         
0000002a  P2DIR                         
0000002d  P2IE                          
0000002c  P2IES                         
0000002b  P2IFG                         
00000028  P2IN                          
00000029  P2OUT                         
0000002e  P2SEL                         
0000001a  P3DIR                         
00000018  P3IN                          
00000019  P3OUT                         
0000001b  P3SEL                         
0000001e  P4DIR                         
0000001c  P4IN                          
0000001d  P4OUT                         
0000001f  P4SEL                         
00000032  P5DIR                         
00000030  P5IN                          
00000031  P5OUT                         
00000033  P5SEL                         
00000036  P6DIR                         
00000034  P6IN                          
00000035  P6OUT                         
00000037  P6SEL                         
000016e6  Port1_ISR                     
0000013c  RESHI                         
0000013a  RESLO                         
0000013e  SUMEXT                        
00000055  SVSCTL                        
000016c6  Send_Byte                     
00000172  TACCR0                        
00000174  TACCR1                        
00000176  TACCR2                        
00000162  TACCTL0                       
00000164  TACCTL1                       
00000166  TACCTL2                       
00000160  TACTL                         
0000012e  TAIV                          
00000170  TAR                           
00000192  TBCCR0                        
00000194  TBCCR1                        
00000196  TBCCR2                        
00000198  TBCCR3                        
0000019a  TBCCR4                        
0000019c  TBCCR5                        
0000019e  TBCCR6                        
00000182  TBCCTL0                       
00000184  TBCCTL1                       
00000186  TBCCTL2                       
00000188  TBCCTL3                       
0000018a  TBCCTL4                       
0000018c  TBCCTL5                       
0000018e  TBCCTL6                       
00000180  TBCTL                         
0000011e  TBIV                          
00000190  TBR                           
00000074  U0BR0                         
00000075  U0BR1                         
00000070  U0CTL                         
00000073  U0MCTL                        
00000072  U0RCTL                        
00000076  U0RXBUF                       
00000071  U0TCTL                        
00000077  U0TXBUF                       
0000007c  U1BR0                         
0000007d  U1BR1                         
00000078  U1CTL                         
0000007b  U1MCTL                        
0000007a  U1RCTL                        
0000007e  U1RXBUF                       
00000079  U1TCTL                        
0000007f  U1TXBUF                       
000013be  UART0_RX_ISR                  
000014a6  UART_Init                     
00000120  WDTCTL                        
00000a00  __STACK_END                   
00000050  __STACK_SIZE                  
00000050  __SYSMEM_SIZE                 
00001702  __TI_CINIT_Base               
0000170a  __TI_CINIT_Limit              
000016f8  __TI_Handler_Table_Base       
000016fe  __TI_Handler_Table_Limit      
000016d4  __TI_ISR_TRAP                 
000014f0  __TI_auto_init_nobinit_nopinit
0000125c  __TI_decompress_lzss          
00001692  __TI_decompress_none          
0000ffe0  __TI_int00                    
0000ffe2  __TI_int01                    
0000ffe4  __TI_int02                    
0000ffe6  __TI_int03                    
0000ffe8  __TI_int04                    
0000ffea  __TI_int05                    
0000ffec  __TI_int06                    
0000ffee  __TI_int07                    
0000fff0  __TI_int08                    
0000fff2  __TI_int09                    
0000fff4  __TI_int10                    
0000fff6  __TI_int11                    
0000fff8  __TI_int12                    
0000fffa  __TI_int13                    
0000fffc  __TI_int14                    
ffffffff  __TI_pprof_out_hndl           
ffffffff  __TI_prof_data_size           
ffffffff  __TI_prof_data_start          
0000167e  __TI_zero_init_nomemset       
ffffffff  __c_args__                    
000016c2  __mspabi_func_epilog_1        
000016c0  __mspabi_func_epilog_2        
000016be  __mspabi_func_epilog_3        
000016bc  __mspabi_func_epilog_4        
000016ba  __mspabi_func_epilog_5        
000016b8  __mspabi_func_epilog_6        
000016b6  __mspabi_func_epilog_7        
000015c4  __mspabi_slli                 
000015ec  __mspabi_slli_1               
000015da  __mspabi_slli_10              
000015d8  __mspabi_slli_11              
000015d6  __mspabi_slli_12              
000015d4  __mspabi_slli_13              
000015d2  __mspabi_slli_14              
000015d0  __mspabi_slli_15              
000015ea  __mspabi_slli_2               
000015e8  __mspabi_slli_3               
000015e6  __mspabi_slli_4               
000015e4  __mspabi_slli_5               
000015e2  __mspabi_slli_6               
000015e0  __mspabi_slli_7               
000015de  __mspabi_slli_8               
000015dc  __mspabi_slli_9               
00001598  __mspabi_srai                 
000015c0  __mspabi_srai_1               
000015ae  __mspabi_srai_10              
000015ac  __mspabi_srai_11              
000015aa  __mspabi_srai_12              
000015a8  __mspabi_srai_13              
000015a6  __mspabi_srai_14              
000015a4  __mspabi_srai_15              
000015be  __mspabi_srai_2               
000015bc  __mspabi_srai_3               
000015ba  __mspabi_srai_4               
000015b8  __mspabi_srai_5               
000015b6  __mspabi_srai_6               
000015b4  __mspabi_srai_7               
000015b2  __mspabi_srai_8               
000015b0  __mspabi_srai_9               
0000145a  __mspabi_srli                 
000014a0  __mspabi_srli_1               
0000147c  __mspabi_srli_10              
00001478  __mspabi_srli_11              
00001474  __mspabi_srli_12              
00001470  __mspabi_srli_13              
0000146c  __mspabi_srli_14              
00001468  __mspabi_srli_15              
0000149c  __mspabi_srli_2               
00001498  __mspabi_srli_3               
00001494  __mspabi_srli_4               
00001490  __mspabi_srli_5               
0000148c  __mspabi_srli_6               
00001488  __mspabi_srli_7               
00001484  __mspabi_srli_8               
00001480  __mspabi_srli_9               
00001662  _c_int00_noargs               
0000025a  _lock                         
000016e8  _nop                          
0000fffe  _reset_vector                 
000009b0  _stack                        
00000200  _sys_memory                   
000016ea  _system_post_cinit            
000016e2  _system_pre_init              
0000025c  _unlock                       
000016dc  abort                         
0000140c  display                       
000012d8  findPressed                   
0000025e  i                             
0000134c  init1602                      
00001644  intInit                       
000011b2  main                          
00001100  malloc                        
000016a4  memcpy                        
00001532  minit                         
0000025f  onePressed                    
00000256  rx                            
00000258  tx                            
000015f0  wc                            
0000161a  wd                            


GLOBAL SYMBOLS: SORTED BY Symbol Address 

address   name                          
-------   ----                          
00000000  IE1                           
00000001  IE2                           
00000002  IFG1                          
00000003  IFG2                          
00000004  ME1                           
00000005  ME2                           
00000018  P3IN                          
00000019  P3OUT                         
0000001a  P3DIR                         
0000001b  P3SEL                         
0000001c  P4IN                          
0000001d  P4OUT                         
0000001e  P4DIR                         
0000001f  P4SEL                         
00000020  P1IN                          
00000021  P1OUT                         
00000022  P1DIR                         
00000023  P1IFG                         
00000024  P1IES                         
00000025  P1IE                          
00000026  P1SEL                         
00000028  P2IN                          
00000029  P2OUT                         
0000002a  P2DIR                         
0000002b  P2IFG                         
0000002c  P2IES                         
0000002d  P2IE                          
0000002e  P2SEL                         
00000030  P5IN                          
00000031  P5OUT                         
00000032  P5DIR                         
00000033  P5SEL                         
00000034  P6IN                          
00000035  P6OUT                         
00000036  P6DIR                         
00000037  P6SEL                         
00000050  I2CIE                         
00000050  __STACK_SIZE                  
00000050  __SYSMEM_SIZE                 
00000051  I2CIFG                        
00000052  I2CNDAT                       
00000055  SVSCTL                        
00000056  DCOCTL                        
00000057  BCSCTL1                       
00000058  BCSCTL2                       
00000059  CACTL1                        
0000005a  CACTL2                        
0000005b  CAPD                          
00000070  U0CTL                         
00000071  I2CTCTL                       
00000071  U0TCTL                        
00000072  I2CDCTL                       
00000072  U0RCTL                        
00000073  I2CPSC                        
00000073  U0MCTL                        
00000074  I2CSCLH                       
00000074  U0BR0                         
00000075  I2CSCLL                       
00000075  U0BR1                         
00000076  I2CDRB                        
00000076  I2CDRW                        
00000076  U0RXBUF                       
00000077  U0TXBUF                       
00000078  U1CTL                         
00000079  U1TCTL                        
0000007a  U1RCTL                        
0000007b  U1MCTL                        
0000007c  U1BR0                         
0000007d  U1BR1                         
0000007e  U1RXBUF                       
0000007f  U1TXBUF                       
00000080  ADC12MCTL0                    
00000081  ADC12MCTL1                    
00000082  ADC12MCTL2                    
00000083  ADC12MCTL3                    
00000084  ADC12MCTL4                    
00000085  ADC12MCTL5                    
00000086  ADC12MCTL6                    
00000087  ADC12MCTL7                    
00000088  ADC12MCTL8                    
00000089  ADC12MCTL9                    
0000008a  ADC12MCTL10                   
0000008b  ADC12MCTL11                   
0000008c  ADC12MCTL12                   
0000008d  ADC12MCTL13                   
0000008e  ADC12MCTL14                   
0000008f  ADC12MCTL15                   
00000118  I2COA                         
0000011a  I2CSA                         
0000011c  I2CIV                         
0000011e  TBIV                          
00000120  WDTCTL                        
00000122  DMACTL0                       
00000124  DMACTL1                       
00000128  FCTL1                         
0000012a  FCTL2                         
0000012c  FCTL3                         
0000012e  TAIV                          
00000130  MPY                           
00000132  MPYS                          
00000134  MAC                           
00000136  MACS                          
00000138  OP2                           
0000013a  RESLO                         
0000013c  RESHI                         
0000013e  SUMEXT                        
00000140  ADC12MEM0                     
00000142  ADC12MEM1                     
00000144  ADC12MEM2                     
00000146  ADC12MEM3                     
00000148  ADC12MEM4                     
0000014a  ADC12MEM5                     
0000014c  ADC12MEM6                     
0000014e  ADC12MEM7                     
00000150  ADC12MEM8                     
00000152  ADC12MEM9                     
00000154  ADC12MEM10                    
00000156  ADC12MEM11                    
00000158  ADC12MEM12                    
0000015a  ADC12MEM13                    
0000015c  ADC12MEM14                    
0000015e  ADC12MEM15                    
00000160  TACTL                         
00000162  TACCTL0                       
00000164  TACCTL1                       
00000166  TACCTL2                       
00000170  TAR                           
00000172  TACCR0                        
00000174  TACCR1                        
00000176  TACCR2                        
00000180  TBCTL                         
00000182  TBCCTL0                       
00000184  TBCCTL1                       
00000186  TBCCTL2                       
00000188  TBCCTL3                       
0000018a  TBCCTL4                       
0000018c  TBCCTL5                       
0000018e  TBCCTL6                       
00000190  TBR                           
00000192  TBCCR0                        
00000194  TBCCR1                        
00000196  TBCCR2                        
00000198  TBCCR3                        
0000019a  TBCCR4                        
0000019c  TBCCR5                        
0000019e  TBCCR6                        
000001a0  ADC12CTL0                     
000001a2  ADC12CTL1                     
000001a4  ADC12IFG                      
000001a6  ADC12IE                       
000001a8  ADC12IV                       
000001c0  DAC12_0CTL                    
000001c2  DAC12_1CTL                    
000001c8  DAC12_0DAT                    
000001ca  DAC12_1DAT                    
000001e0  DMA0CTL                       
000001e2  DMA0SA                        
000001e4  DMA0DA                        
000001e6  DMA0SZ                        
000001e8  DMA1CTL                       
000001ea  DMA1SA                        
000001ec  DMA1DA                        
000001ee  DMA1SZ                        
000001f0  DMA2CTL                       
000001f2  DMA2SA                        
000001f4  DMA2DA                        
000001f6  DMA2SZ                        
00000200  _sys_memory                   
00000256  rx                            
00000258  tx                            
0000025a  _lock                         
0000025c  _unlock                       
0000025e  i                             
0000025f  onePressed                    
000009b0  _stack                        
00000a00  __STACK_END                   
00001100  malloc                        
000011b2  main                          
0000125c  __TI_decompress_lzss          
000012d8  findPressed                   
0000134c  init1602                      
000013be  UART0_RX_ISR                  
0000140c  display                       
0000145a  __mspabi_srli                 
00001468  __mspabi_srli_15              
0000146c  __mspabi_srli_14              
00001470  __mspabi_srli_13              
00001474  __mspabi_srli_12              
00001478  __mspabi_srli_11              
0000147c  __mspabi_srli_10              
00001480  __mspabi_srli_9               
00001484  __mspabi_srli_8               
00001488  __mspabi_srli_7               
0000148c  __mspabi_srli_6               
00001490  __mspabi_srli_5               
00001494  __mspabi_srli_4               
00001498  __mspabi_srli_3               
0000149c  __mspabi_srli_2               
000014a0  __mspabi_srli_1               
000014a6  UART_Init                     
000014f0  __TI_auto_init_nobinit_nopinit
00001532  minit                         
0000156a  Clock_Init                    
00001598  __mspabi_srai                 
000015a4  __mspabi_srai_15              
000015a6  __mspabi_srai_14              
000015a8  __mspabi_srai_13              
000015aa  __mspabi_srai_12              
000015ac  __mspabi_srai_11              
000015ae  __mspabi_srai_10              
000015b0  __mspabi_srai_9               
000015b2  __mspabi_srai_8               
000015b4  __mspabi_srai_7               
000015b6  __mspabi_srai_6               
000015b8  __mspabi_srai_5               
000015ba  __mspabi_srai_4               
000015bc  __mspabi_srai_3               
000015be  __mspabi_srai_2               
000015c0  __mspabi_srai_1               
000015c4  __mspabi_slli                 
000015d0  __mspabi_slli_15              
000015d2  __mspabi_slli_14              
000015d4  __mspabi_slli_13              
000015d6  __mspabi_slli_12              
000015d8  __mspabi_slli_11              
000015da  __mspabi_slli_10              
000015dc  __mspabi_slli_9               
000015de  __mspabi_slli_8               
000015e0  __mspabi_slli_7               
000015e2  __mspabi_slli_6               
000015e4  __mspabi_slli_5               
000015e6  __mspabi_slli_4               
000015e8  __mspabi_slli_3               
000015ea  __mspabi_slli_2               
000015ec  __mspabi_slli_1               
000015f0  wc                            
0000161a  wd                            
00001644  intInit                       
00001662  _c_int00_noargs               
0000167e  __TI_zero_init_nomemset       
00001692  __TI_decompress_none          
000016a4  memcpy                        
000016b6  __mspabi_func_epilog_7        
000016b8  __mspabi_func_epilog_6        
000016ba  __mspabi_func_epilog_5        
000016bc  __mspabi_func_epilog_4        
000016be  __mspabi_func_epilog_3        
000016c0  __mspabi_func_epilog_2        
000016c2  __mspabi_func_epilog_1        
000016c6  Send_Byte                     
000016d4  __TI_ISR_TRAP                 
000016dc  C$$EXIT                       
000016dc  abort                         
000016e2  _system_pre_init              
000016e6  Port1_ISR                     
000016e8  _nop                          
000016ea  _system_post_cinit            
000016f8  __TI_Handler_Table_Base       
000016fe  __TI_Handler_Table_Limit      
00001702  __TI_CINIT_Base               
0000170a  __TI_CINIT_Limit              
0000ffe0  __TI_int00                    
0000ffe2  __TI_int01                    
0000ffe4  __TI_int02                    
0000ffe6  __TI_int03                    
0000ffe8  __TI_int04                    
0000ffea  __TI_int05                    
0000ffec  __TI_int06                    
0000ffee  __TI_int07                    
0000fff0  __TI_int08                    
0000fff2  __TI_int09                    
0000fff4  __TI_int10                    
0000fff6  __TI_int11                    
0000fff8  __TI_int12                    
0000fffa  __TI_int13                    
0000fffc  __TI_int14                    
0000fffe  _reset_vector                 
ffffffff  __TI_pprof_out_hndl           
ffffffff  __TI_prof_data_size           
ffffffff  __TI_prof_data_start          
ffffffff  __c_args__                    

[281 symbols]
